Archive member included to satisfy reference by file (symbol)

d:/programfiles/atmelstudio/7.0/toolchain/avr8/avr8-gnu-toolchain/bin/../lib/gcc/avr/5.4.0/avr5\libgcc.a(_udivmodqi4.o)
                              source/WiFiModule.o (__udivmodqi4)
d:/programfiles/atmelstudio/7.0/toolchain/avr8/avr8-gnu-toolchain/bin/../lib/gcc/avr/5.4.0/avr5\libgcc.a(_exit.o)
                              D:/ProgramFiles/AtmelStudio/7.0/Packs/atmel/ATmega_DFP/1.7.374/gcc/dev/atmega64m1/avr5/crtatmega64m1.o (exit)
d:/programfiles/atmelstudio/7.0/toolchain/avr8/avr8-gnu-toolchain/bin/../lib/gcc/avr/5.4.0/avr5\libgcc.a(_tablejump2.o)
                              source/ASIP.o (__tablejump2__)
d:/programfiles/atmelstudio/7.0/toolchain/avr8/avr8-gnu-toolchain/bin/../lib/gcc/avr/5.4.0/avr5\libgcc.a(_copy_data.o)
                              source/ASIP.o (__do_copy_data)
d:/programfiles/atmelstudio/7.0/toolchain/avr8/avr8-gnu-toolchain/bin/../lib/gcc/avr/5.4.0/avr5\libgcc.a(_clear_bss.o)
                              source/ASIP.o (__do_clear_bss)
d:/programfiles/atmelstudio/7.0/toolchain/avr8/avr8-gnu-toolchain/bin/../lib/gcc/avr/5.4.0/../../../../avr/lib/avr5\libc.a(strcpy_P.o)
                              source/SensorModuleWirelessBoot.o (strcpy_P)
d:/programfiles/atmelstudio/7.0/toolchain/avr8/avr8-gnu-toolchain/bin/../lib/gcc/avr/5.4.0/../../../../avr/lib/avr5\libc.a(strlen_P.o)
                              source/WiFiModule.o (__strlen_P)
D:/ProgramFiles/AtmelStudio/7.0/Packs/atmel/ATmega_DFP/1.7.374/gcc/dev/atmega64m1/avr5\libatmega64m1.a(eerd_byte.o)
                              source/SensorModuleWirelessBoot.o (eeprom_read_byte)
D:/ProgramFiles/AtmelStudio/7.0/Packs/atmel/ATmega_DFP/1.7.374/gcc/dev/atmega64m1/avr5\libatmega64m1.a(eewr_byte.o)
                              source/SensorModuleWirelessBoot.o (eeprom_write_byte)

Allocating common symbols
Common symbol       size              file

p                   0x2               source/WiFiModule.o
gdwTickCount        0x4               source/SensorModuleWirelessBoot.o

Discarded input sections

 .data          0x00000000        0x0 D:/ProgramFiles/AtmelStudio/7.0/Packs/atmel/ATmega_DFP/1.7.374/gcc/dev/atmega64m1/avr5/crtatmega64m1.o
 .bss           0x00000000        0x0 D:/ProgramFiles/AtmelStudio/7.0/Packs/atmel/ATmega_DFP/1.7.374/gcc/dev/atmega64m1/avr5/crtatmega64m1.o
 .text          0x00000000        0x0 source/ASIP.o
 .data          0x00000000        0x0 source/ASIP.o
 .bss           0x00000000        0x0 source/ASIP.o
 .text.resetAsipStateMachine
                0x00000000        0xe source/ASIP.o
 .text.getDeviceUpdateMsgReceivedFlag
                0x00000000        0x6 source/ASIP.o
 .text.clearDeviceUpdateMsgReceivedFlag
                0x00000000        0x6 source/ASIP.o
 .text.transmitTcpAsipMessage
                0x00000000        0x8 source/ASIP.o
 .bss.deviceUpdateMsgReceivedFlag
                0x00000000        0x1 source/ASIP.o
 .rodata        0x00000000        0xf source/ASIP.o
 .data.connectResponsePtr
                0x00000000        0x2 source/ASIP.o
 .data.commandSuccessfulPtr
                0x00000000        0x2 source/ASIP.o
 .text          0x00000000        0x0 source/ELF_Data.o
 .data          0x00000000        0x0 source/ELF_Data.o
 .bss           0x00000000        0x0 source/ELF_Data.o
 .text          0x00000000        0x0 source/SensorModuleWirelessBoot.o
 .data          0x00000000        0x0 source/SensorModuleWirelessBoot.o
 .bss           0x00000000        0x0 source/SensorModuleWirelessBoot.o
 COMMON         0x00000000        0x4 source/SensorModuleWirelessBoot.o
 .text          0x00000000        0x0 source/UART.o
 .data          0x00000000        0x0 source/UART.o
 .bss           0x00000000        0x0 source/UART.o
 .text.setExpectedWifiResponse
                0x00000000        0x2 source/UART.o
 .text.setUART_Baud
                0x00000000        0xc source/UART.o
 .text          0x00000000        0x0 source/WiFiModule.o
 .data          0x00000000        0x0 source/WiFiModule.o
 .bss           0x00000000        0x0 source/WiFiModule.o
 .text.getWifiReadyFlag
                0x00000000        0x4 source/WiFiModule.o
 .text.setAsipCID
                0x00000000       0x14 source/WiFiModule.o
 .text.getAsipServerCID
                0x00000000        0x6 source/WiFiModule.o
 .text.setupFwUpdateTcpPort
                0x00000000        0x8 source/WiFiModule.o
 .text.sendTcpPacket
                0x00000000       0xa0 source/WiFiModule.o
 .progmem.data.setBaudRateCommand2
                0x00000000       0x12 source/WiFiModule.o
 .progmem.data.setBaudRateCommand
                0x00000000       0x13 source/WiFiModule.o
 .progmem.data.udpBulkTransferEnd
                0x00000000       0x15 source/WiFiModule.o
 .progmem.data.startTcpServerCommand
                0x00000000       0x11 source/WiFiModule.o
 .progmem.data.setEchoEnableCommand
                0x00000000        0x7 source/WiFiModule.o
 COMMON         0x00000000        0x2 source/WiFiModule.o
 .text          0x00000000        0x0 d:/programfiles/atmelstudio/7.0/toolchain/avr8/avr8-gnu-toolchain/bin/../lib/gcc/avr/5.4.0/avr5\libgcc.a(_udivmodqi4.o)
 .data          0x00000000        0x0 d:/programfiles/atmelstudio/7.0/toolchain/avr8/avr8-gnu-toolchain/bin/../lib/gcc/avr/5.4.0/avr5\libgcc.a(_udivmodqi4.o)
 .bss           0x00000000        0x0 d:/programfiles/atmelstudio/7.0/toolchain/avr8/avr8-gnu-toolchain/bin/../lib/gcc/avr/5.4.0/avr5\libgcc.a(_udivmodqi4.o)
 .text.libgcc.mul
                0x00000000        0x0 d:/programfiles/atmelstudio/7.0/toolchain/avr8/avr8-gnu-toolchain/bin/../lib/gcc/avr/5.4.0/avr5\libgcc.a(_udivmodqi4.o)
 .text.libgcc   0x00000000        0x0 d:/programfiles/atmelstudio/7.0/toolchain/avr8/avr8-gnu-toolchain/bin/../lib/gcc/avr/5.4.0/avr5\libgcc.a(_udivmodqi4.o)
 .text.libgcc.prologue
                0x00000000        0x0 d:/programfiles/atmelstudio/7.0/toolchain/avr8/avr8-gnu-toolchain/bin/../lib/gcc/avr/5.4.0/avr5\libgcc.a(_udivmodqi4.o)
 .text.libgcc.builtins
                0x00000000        0x0 d:/programfiles/atmelstudio/7.0/toolchain/avr8/avr8-gnu-toolchain/bin/../lib/gcc/avr/5.4.0/avr5\libgcc.a(_udivmodqi4.o)
 .text.libgcc.fmul
                0x00000000        0x0 d:/programfiles/atmelstudio/7.0/toolchain/avr8/avr8-gnu-toolchain/bin/../lib/gcc/avr/5.4.0/avr5\libgcc.a(_udivmodqi4.o)
 .text.libgcc.fixed
                0x00000000        0x0 d:/programfiles/atmelstudio/7.0/toolchain/avr8/avr8-gnu-toolchain/bin/../lib/gcc/avr/5.4.0/avr5\libgcc.a(_udivmodqi4.o)
 .text          0x00000000        0x0 d:/programfiles/atmelstudio/7.0/toolchain/avr8/avr8-gnu-toolchain/bin/../lib/gcc/avr/5.4.0/avr5\libgcc.a(_exit.o)
 .data          0x00000000        0x0 d:/programfiles/atmelstudio/7.0/toolchain/avr8/avr8-gnu-toolchain/bin/../lib/gcc/avr/5.4.0/avr5\libgcc.a(_exit.o)
 .bss           0x00000000        0x0 d:/programfiles/atmelstudio/7.0/toolchain/avr8/avr8-gnu-toolchain/bin/../lib/gcc/avr/5.4.0/avr5\libgcc.a(_exit.o)
 .text.libgcc.mul
                0x00000000        0x0 d:/programfiles/atmelstudio/7.0/toolchain/avr8/avr8-gnu-toolchain/bin/../lib/gcc/avr/5.4.0/avr5\libgcc.a(_exit.o)
 .text.libgcc.div
                0x00000000        0x0 d:/programfiles/atmelstudio/7.0/toolchain/avr8/avr8-gnu-toolchain/bin/../lib/gcc/avr/5.4.0/avr5\libgcc.a(_exit.o)
 .text.libgcc   0x00000000        0x0 d:/programfiles/atmelstudio/7.0/toolchain/avr8/avr8-gnu-toolchain/bin/../lib/gcc/avr/5.4.0/avr5\libgcc.a(_exit.o)
 .text.libgcc.prologue
                0x00000000        0x0 d:/programfiles/atmelstudio/7.0/toolchain/avr8/avr8-gnu-toolchain/bin/../lib/gcc/avr/5.4.0/avr5\libgcc.a(_exit.o)
 .text.libgcc.builtins
                0x00000000        0x0 d:/programfiles/atmelstudio/7.0/toolchain/avr8/avr8-gnu-toolchain/bin/../lib/gcc/avr/5.4.0/avr5\libgcc.a(_exit.o)
 .text.libgcc.fmul
                0x00000000        0x0 d:/programfiles/atmelstudio/7.0/toolchain/avr8/avr8-gnu-toolchain/bin/../lib/gcc/avr/5.4.0/avr5\libgcc.a(_exit.o)
 .text.libgcc.fixed
                0x00000000        0x0 d:/programfiles/atmelstudio/7.0/toolchain/avr8/avr8-gnu-toolchain/bin/../lib/gcc/avr/5.4.0/avr5\libgcc.a(_exit.o)
 .text          0x00000000        0x0 d:/programfiles/atmelstudio/7.0/toolchain/avr8/avr8-gnu-toolchain/bin/../lib/gcc/avr/5.4.0/avr5\libgcc.a(_tablejump2.o)
 .data          0x00000000        0x0 d:/programfiles/atmelstudio/7.0/toolchain/avr8/avr8-gnu-toolchain/bin/../lib/gcc/avr/5.4.0/avr5\libgcc.a(_tablejump2.o)
 .bss           0x00000000        0x0 d:/programfiles/atmelstudio/7.0/toolchain/avr8/avr8-gnu-toolchain/bin/../lib/gcc/avr/5.4.0/avr5\libgcc.a(_tablejump2.o)
 .text.libgcc.mul
                0x00000000        0x0 d:/programfiles/atmelstudio/7.0/toolchain/avr8/avr8-gnu-toolchain/bin/../lib/gcc/avr/5.4.0/avr5\libgcc.a(_tablejump2.o)
 .text.libgcc.div
                0x00000000        0x0 d:/programfiles/atmelstudio/7.0/toolchain/avr8/avr8-gnu-toolchain/bin/../lib/gcc/avr/5.4.0/avr5\libgcc.a(_tablejump2.o)
 .text.libgcc.prologue
                0x00000000        0x0 d:/programfiles/atmelstudio/7.0/toolchain/avr8/avr8-gnu-toolchain/bin/../lib/gcc/avr/5.4.0/avr5\libgcc.a(_tablejump2.o)
 .text.libgcc.builtins
                0x00000000        0x0 d:/programfiles/atmelstudio/7.0/toolchain/avr8/avr8-gnu-toolchain/bin/../lib/gcc/avr/5.4.0/avr5\libgcc.a(_tablejump2.o)
 .text.libgcc.fmul
                0x00000000        0x0 d:/programfiles/atmelstudio/7.0/toolchain/avr8/avr8-gnu-toolchain/bin/../lib/gcc/avr/5.4.0/avr5\libgcc.a(_tablejump2.o)
 .text.libgcc.fixed
                0x00000000        0x0 d:/programfiles/atmelstudio/7.0/toolchain/avr8/avr8-gnu-toolchain/bin/../lib/gcc/avr/5.4.0/avr5\libgcc.a(_tablejump2.o)
 .text          0x00000000        0x0 d:/programfiles/atmelstudio/7.0/toolchain/avr8/avr8-gnu-toolchain/bin/../lib/gcc/avr/5.4.0/avr5\libgcc.a(_copy_data.o)
 .data          0x00000000        0x0 d:/programfiles/atmelstudio/7.0/toolchain/avr8/avr8-gnu-toolchain/bin/../lib/gcc/avr/5.4.0/avr5\libgcc.a(_copy_data.o)
 .bss           0x00000000        0x0 d:/programfiles/atmelstudio/7.0/toolchain/avr8/avr8-gnu-toolchain/bin/../lib/gcc/avr/5.4.0/avr5\libgcc.a(_copy_data.o)
 .text.libgcc.mul
                0x00000000        0x0 d:/programfiles/atmelstudio/7.0/toolchain/avr8/avr8-gnu-toolchain/bin/../lib/gcc/avr/5.4.0/avr5\libgcc.a(_copy_data.o)
 .text.libgcc.div
                0x00000000        0x0 d:/programfiles/atmelstudio/7.0/toolchain/avr8/avr8-gnu-toolchain/bin/../lib/gcc/avr/5.4.0/avr5\libgcc.a(_copy_data.o)
 .text.libgcc   0x00000000        0x0 d:/programfiles/atmelstudio/7.0/toolchain/avr8/avr8-gnu-toolchain/bin/../lib/gcc/avr/5.4.0/avr5\libgcc.a(_copy_data.o)
 .text.libgcc.prologue
                0x00000000        0x0 d:/programfiles/atmelstudio/7.0/toolchain/avr8/avr8-gnu-toolchain/bin/../lib/gcc/avr/5.4.0/avr5\libgcc.a(_copy_data.o)
 .text.libgcc.builtins
                0x00000000        0x0 d:/programfiles/atmelstudio/7.0/toolchain/avr8/avr8-gnu-toolchain/bin/../lib/gcc/avr/5.4.0/avr5\libgcc.a(_copy_data.o)
 .text.libgcc.fmul
                0x00000000        0x0 d:/programfiles/atmelstudio/7.0/toolchain/avr8/avr8-gnu-toolchain/bin/../lib/gcc/avr/5.4.0/avr5\libgcc.a(_copy_data.o)
 .text.libgcc.fixed
                0x00000000        0x0 d:/programfiles/atmelstudio/7.0/toolchain/avr8/avr8-gnu-toolchain/bin/../lib/gcc/avr/5.4.0/avr5\libgcc.a(_copy_data.o)
 .text          0x00000000        0x0 d:/programfiles/atmelstudio/7.0/toolchain/avr8/avr8-gnu-toolchain/bin/../lib/gcc/avr/5.4.0/avr5\libgcc.a(_clear_bss.o)
 .data          0x00000000        0x0 d:/programfiles/atmelstudio/7.0/toolchain/avr8/avr8-gnu-toolchain/bin/../lib/gcc/avr/5.4.0/avr5\libgcc.a(_clear_bss.o)
 .bss           0x00000000        0x0 d:/programfiles/atmelstudio/7.0/toolchain/avr8/avr8-gnu-toolchain/bin/../lib/gcc/avr/5.4.0/avr5\libgcc.a(_clear_bss.o)
 .text.libgcc.mul
                0x00000000        0x0 d:/programfiles/atmelstudio/7.0/toolchain/avr8/avr8-gnu-toolchain/bin/../lib/gcc/avr/5.4.0/avr5\libgcc.a(_clear_bss.o)
 .text.libgcc.div
                0x00000000        0x0 d:/programfiles/atmelstudio/7.0/toolchain/avr8/avr8-gnu-toolchain/bin/../lib/gcc/avr/5.4.0/avr5\libgcc.a(_clear_bss.o)
 .text.libgcc   0x00000000        0x0 d:/programfiles/atmelstudio/7.0/toolchain/avr8/avr8-gnu-toolchain/bin/../lib/gcc/avr/5.4.0/avr5\libgcc.a(_clear_bss.o)
 .text.libgcc.prologue
                0x00000000        0x0 d:/programfiles/atmelstudio/7.0/toolchain/avr8/avr8-gnu-toolchain/bin/../lib/gcc/avr/5.4.0/avr5\libgcc.a(_clear_bss.o)
 .text.libgcc.builtins
                0x00000000        0x0 d:/programfiles/atmelstudio/7.0/toolchain/avr8/avr8-gnu-toolchain/bin/../lib/gcc/avr/5.4.0/avr5\libgcc.a(_clear_bss.o)
 .text.libgcc.fmul
                0x00000000        0x0 d:/programfiles/atmelstudio/7.0/toolchain/avr8/avr8-gnu-toolchain/bin/../lib/gcc/avr/5.4.0/avr5\libgcc.a(_clear_bss.o)
 .text.libgcc.fixed
                0x00000000        0x0 d:/programfiles/atmelstudio/7.0/toolchain/avr8/avr8-gnu-toolchain/bin/../lib/gcc/avr/5.4.0/avr5\libgcc.a(_clear_bss.o)
 .text          0x00000000        0x0 d:/programfiles/atmelstudio/7.0/toolchain/avr8/avr8-gnu-toolchain/bin/../lib/gcc/avr/5.4.0/../../../../avr/lib/avr5\libc.a(strcpy_P.o)
 .data          0x00000000        0x0 d:/programfiles/atmelstudio/7.0/toolchain/avr8/avr8-gnu-toolchain/bin/../lib/gcc/avr/5.4.0/../../../../avr/lib/avr5\libc.a(strcpy_P.o)
 .bss           0x00000000        0x0 d:/programfiles/atmelstudio/7.0/toolchain/avr8/avr8-gnu-toolchain/bin/../lib/gcc/avr/5.4.0/../../../../avr/lib/avr5\libc.a(strcpy_P.o)
 .text          0x00000000        0x0 d:/programfiles/atmelstudio/7.0/toolchain/avr8/avr8-gnu-toolchain/bin/../lib/gcc/avr/5.4.0/../../../../avr/lib/avr5\libc.a(strlen_P.o)
 .data          0x00000000        0x0 d:/programfiles/atmelstudio/7.0/toolchain/avr8/avr8-gnu-toolchain/bin/../lib/gcc/avr/5.4.0/../../../../avr/lib/avr5\libc.a(strlen_P.o)
 .bss           0x00000000        0x0 d:/programfiles/atmelstudio/7.0/toolchain/avr8/avr8-gnu-toolchain/bin/../lib/gcc/avr/5.4.0/../../../../avr/lib/avr5\libc.a(strlen_P.o)
 .text          0x00000000        0x0 D:/ProgramFiles/AtmelStudio/7.0/Packs/atmel/ATmega_DFP/1.7.374/gcc/dev/atmega64m1/avr5\libatmega64m1.a(eerd_byte.o)
 .data          0x00000000        0x0 D:/ProgramFiles/AtmelStudio/7.0/Packs/atmel/ATmega_DFP/1.7.374/gcc/dev/atmega64m1/avr5\libatmega64m1.a(eerd_byte.o)
 .bss           0x00000000        0x0 D:/ProgramFiles/AtmelStudio/7.0/Packs/atmel/ATmega_DFP/1.7.374/gcc/dev/atmega64m1/avr5\libatmega64m1.a(eerd_byte.o)
 .text          0x00000000        0x0 D:/ProgramFiles/AtmelStudio/7.0/Packs/atmel/ATmega_DFP/1.7.374/gcc/dev/atmega64m1/avr5\libatmega64m1.a(eewr_byte.o)
 .data          0x00000000        0x0 D:/ProgramFiles/AtmelStudio/7.0/Packs/atmel/ATmega_DFP/1.7.374/gcc/dev/atmega64m1/avr5\libatmega64m1.a(eewr_byte.o)
 .bss           0x00000000        0x0 D:/ProgramFiles/AtmelStudio/7.0/Packs/atmel/ATmega_DFP/1.7.374/gcc/dev/atmega64m1/avr5\libatmega64m1.a(eewr_byte.o)

Memory Configuration

Name             Origin             Length             Attributes
text             0x00000000         0x00010000         xr
data             0x00800100         0x00001000         rw !x
eeprom           0x00810000         0x00000800         rw !x
fuse             0x00820000         0x00000003         rw !x
lock             0x00830000         0x00000400         rw !x
signature        0x00840000         0x00000400         rw !x
user_signatures  0x00850000         0x00000400         rw !x
*default*        0x00000000         0xffffffff

Linker script and memory map

Address of section .data set to 0x800100
LOAD D:/ProgramFiles/AtmelStudio/7.0/Packs/atmel/ATmega_DFP/1.7.374/gcc/dev/atmega64m1/avr5/crtatmega64m1.o
LOAD source/ASIP.o
LOAD source/ELF_Data.o
LOAD source/SensorModuleWirelessBoot.o
LOAD source/UART.o
LOAD source/WiFiModule.o
START GROUP
LOAD d:/programfiles/atmelstudio/7.0/toolchain/avr8/avr8-gnu-toolchain/bin/../lib/gcc/avr/5.4.0/../../../../avr/lib/avr5\libm.a
END GROUP
Address of section .text set to 0xe000
START GROUP
LOAD d:/programfiles/atmelstudio/7.0/toolchain/avr8/avr8-gnu-toolchain/bin/../lib/gcc/avr/5.4.0/avr5\libgcc.a
LOAD d:/programfiles/atmelstudio/7.0/toolchain/avr8/avr8-gnu-toolchain/bin/../lib/gcc/avr/5.4.0/../../../../avr/lib/avr5\libm.a
LOAD d:/programfiles/atmelstudio/7.0/toolchain/avr8/avr8-gnu-toolchain/bin/../lib/gcc/avr/5.4.0/../../../../avr/lib/avr5\libc.a
LOAD D:/ProgramFiles/AtmelStudio/7.0/Packs/atmel/ATmega_DFP/1.7.374/gcc/dev/atmega64m1/avr5\libatmega64m1.a
END GROUP
                0x00000000                __TEXT_REGION_ORIGIN__ = DEFINED (__TEXT_REGION_ORIGIN__)?__TEXT_REGION_ORIGIN__:0x0
                [0x00800100]                __DATA_REGION_ORIGIN__ = DEFINED (__DATA_REGION_ORIGIN__)?__DATA_REGION_ORIGIN__:0x800060
                [0x00010000]                __TEXT_REGION_LENGTH__ = DEFINED (__TEXT_REGION_LENGTH__)?__TEXT_REGION_LENGTH__:0x20000
                [0x00001000]                __DATA_REGION_LENGTH__ = DEFINED (__DATA_REGION_LENGTH__)?__DATA_REGION_LENGTH__:0xffa0
                [0x00000800]                __EEPROM_REGION_LENGTH__ = DEFINED (__EEPROM_REGION_LENGTH__)?__EEPROM_REGION_LENGTH__:0x10000
                [0x00000003]                __FUSE_REGION_LENGTH__ = DEFINED (__FUSE_REGION_LENGTH__)?__FUSE_REGION_LENGTH__:0x400
                0x00000400                __LOCK_REGION_LENGTH__ = DEFINED (__LOCK_REGION_LENGTH__)?__LOCK_REGION_LENGTH__:0x400
                0x00000400                __SIGNATURE_REGION_LENGTH__ = DEFINED (__SIGNATURE_REGION_LENGTH__)?__SIGNATURE_REGION_LENGTH__:0x400
                0x00000400                __USER_SIGNATURE_REGION_LENGTH__ = DEFINED (__USER_SIGNATURE_REGION_LENGTH__)?__USER_SIGNATURE_REGION_LENGTH__:0x400

.hash
 *(.hash)

.dynsym
 *(.dynsym)

.dynstr
 *(.dynstr)

.gnu.version
 *(.gnu.version)

.gnu.version_d
 *(.gnu.version_d)

.gnu.version_r
 *(.gnu.version_r)

.rel.init
 *(.rel.init)

.rela.init
 *(.rela.init)

.rel.text
 *(.rel.text)
 *(.rel.text.*)
 *(.rel.gnu.linkonce.t*)

.rela.text
 *(.rela.text)
 *(.rela.text.*)
 *(.rela.gnu.linkonce.t*)

.rel.fini
 *(.rel.fini)

.rela.fini
 *(.rela.fini)

.rel.rodata
 *(.rel.rodata)
 *(.rel.rodata.*)
 *(.rel.gnu.linkonce.r*)

.rela.rodata
 *(.rela.rodata)
 *(.rela.rodata.*)
 *(.rela.gnu.linkonce.r*)

.rel.data
 *(.rel.data)
 *(.rel.data.*)
 *(.rel.gnu.linkonce.d*)

.rela.data
 *(.rela.data)
 *(.rela.data.*)
 *(.rela.gnu.linkonce.d*)

.rel.ctors
 *(.rel.ctors)

.rela.ctors
 *(.rela.ctors)

.rel.dtors
 *(.rel.dtors)

.rela.dtors
 *(.rela.dtors)

.rel.got
 *(.rel.got)

.rela.got
 *(.rela.got)

.rel.bss
 *(.rel.bss)

.rela.bss
 *(.rela.bss)

.rel.plt
 *(.rel.plt)

.rela.plt
 *(.rela.plt)

.text           0x0000e000     0x13d2
 *(.vectors)
 .vectors       0x0000e000       0x7c D:/ProgramFiles/AtmelStudio/7.0/Packs/atmel/ATmega_DFP/1.7.374/gcc/dev/atmega64m1/avr5/crtatmega64m1.o
                0x0000e000                __vector_default
                0x0000e000                __vectors
 *(.vectors)
 *(.progmem.gcc*)
 .progmem.gcc_sw_table.stepAsipStateMachine
                0x0000e07c       0x10 source/ASIP.o
 .progmem.gcc_sw_table.stepInitWiFiModule
                0x0000e08c       0x38 source/WiFiModule.o
                0x0000e0c4                . = ALIGN (0x2)
                0x0000e0c4                __trampolines_start = .
 *(.trampolines)
 .trampolines   0x0000e0c4        0x0 linker stubs
 *(.trampolines*)
                0x0000e0c4                __trampolines_end = .
 *libprintf_flt.a:*(.progmem.data)
 *libc.a:*(.progmem.data)
 *(.progmem*)
 .progmem.data.FwVersion
                0x0000e0c4       0x11 source/SensorModuleWirelessBoot.o
                0x0000e0c4                FwVersion
 .progmem.data.FwPartNum
                0x0000e0d5       0x11 source/SensorModuleWirelessBoot.o
                0x0000e0d5                FwPartNum
 .progmem.data.switchToLegacyMode
                0x0000e0e6        0xb source/WiFiModule.o
                0x0000e0e6                switchToLegacyMode
 .progmem.data.setFlowControlCommand
                0x0000e0f1        0x8 source/WiFiModule.o
                0x0000e0f1                setFlowControlCommand
 .progmem.data.udpBulkTransferSeq
                0x0000e0f9        0x3 source/WiFiModule.o
                0x0000e0f9                udpBulkTransferSeq
 .progmem.data.startUdpServerCommand
                0x0000e0fc       0x11 source/WiFiModule.o
                0x0000e0fc                startUdpServerCommand
 .progmem.data.closeAllConnectionsCommand
                0x0000e10d        0xf source/WiFiModule.o
                0x0000e10d                closeAllConnectionsCommand
 .progmem.data.udpOutConnectCommand
                0x0000e11c       0x1f source/WiFiModule.o
                0x0000e11c                udpOutConnectCommand
 .progmem.data.setBulkTransfer
                0x0000e13b        0xd source/WiFiModule.o
                0x0000e13b                setBulkTransfer
 .progmem.data.setDHCPServerCommand
                0x0000e148       0x10 source/WiFiModule.o
                0x0000e148                setDHCPServerCommand
 .progmem.data.setNetParamsCommand
                0x0000e158       0x30 source/WiFiModule.o
                0x0000e158                setNetParamsCommand
 .progmem.data.setDHCPCommand
                0x0000e188        0xd source/WiFiModule.o
                0x0000e188                setDHCPCommand
 .progmem.data.setSSIDCommand
                0x0000e195        0x7 source/WiFiModule.o
                0x0000e195                setSSIDCommand
 .progmem.data.setEchoDisableCommand
                0x0000e19c        0x7 source/WiFiModule.o
                0x0000e19c                setEchoDisableCommand
 .progmem.data.setVerboseEnableCommand
                0x0000e1a3        0x7 source/WiFiModule.o
                0x0000e1a3                setVerboseEnableCommand
 .progmem.data.setATSyncCommand
                0x0000e1aa        0x9 source/WiFiModule.o
                0x0000e1aa                setATSyncCommand
 .progmem.data.setKeepAliveCommand
                0x0000e1b3       0x13 source/WiFiModule.o
                0x0000e1b3                setKeepAliveCommand
 .progmem.data.setTransmitPowerCommand
                0x0000e1c6        0xa source/WiFiModule.o
                0x0000e1c6                setTransmitPowerCommand
 .progmem.data.setRadioOpEnableCommand
                0x0000e1d0       0x11 source/WiFiModule.o
                0x0000e1d0                setRadioOpEnableCommand
 .progmem.data.setSecurityCommand
                0x0000e1e1        0xc source/WiFiModule.o
                0x0000e1e1                setSecurityCommand
 .progmem.data.setOpModeCommand
                0x0000e1ed        0xa source/WiFiModule.o
                0x0000e1ed                setOpModeCommand
 .progmem.data.setRegulatoryDomainCommand
                0x0000e1f7       0x12 source/WiFiModule.o
                0x0000e1f7                setRegulatoryDomainCommand
                0x0000e20a                . = ALIGN (0x2)
 *fill*         0x0000e209        0x1 
 *(.jumptables)
 *(.jumptables*)
 *(.lowtext)
 *(.lowtext*)
                0x0000e20a                __ctors_start = .
 *(.ctors)
                0x0000e20a                __ctors_end = .
                0x0000e20a                __dtors_start = .
 *(.dtors)
                0x0000e20a                __dtors_end = .
 SORT(*)(.ctors)
 SORT(*)(.dtors)
 *(.init0)
 .init0         0x0000e20a        0x0 D:/ProgramFiles/AtmelStudio/7.0/Packs/atmel/ATmega_DFP/1.7.374/gcc/dev/atmega64m1/avr5/crtatmega64m1.o
                0x0000e20a                __init
 *(.init0)
 *(.init1)
 *(.init1)
 *(.init2)
 .init2         0x0000e20a        0xc D:/ProgramFiles/AtmelStudio/7.0/Packs/atmel/ATmega_DFP/1.7.374/gcc/dev/atmega64m1/avr5/crtatmega64m1.o
 *(.init2)
 *(.init3)
 *(.init3)
 *(.init4)
 .init4         0x0000e216       0x16 d:/programfiles/atmelstudio/7.0/toolchain/avr8/avr8-gnu-toolchain/bin/../lib/gcc/avr/5.4.0/avr5\libgcc.a(_copy_data.o)
                0x0000e216                __do_copy_data
 .init4         0x0000e22c       0x10 d:/programfiles/atmelstudio/7.0/toolchain/avr8/avr8-gnu-toolchain/bin/../lib/gcc/avr/5.4.0/avr5\libgcc.a(_clear_bss.o)
                0x0000e22c                __do_clear_bss
 *(.init4)
 *(.init5)
 *(.init5)
 *(.init6)
 *(.init6)
 *(.init7)
 *(.init7)
 *(.init8)
 *(.init8)
 *(.init9)
 .init9         0x0000e23c        0x8 D:/ProgramFiles/AtmelStudio/7.0/Packs/atmel/ATmega_DFP/1.7.374/gcc/dev/atmega64m1/avr5/crtatmega64m1.o
 *(.init9)
 *(.text)
 .text          0x0000e244        0x4 D:/ProgramFiles/AtmelStudio/7.0/Packs/atmel/ATmega_DFP/1.7.374/gcc/dev/atmega64m1/avr5/crtatmega64m1.o
                0x0000e244                __vector_22
                0x0000e244                __vector_28
                0x0000e244                __vector_1
                0x0000e244                __vector_24
                0x0000e244                __bad_interrupt
                0x0000e244                __vector_6
                0x0000e244                __vector_3
                0x0000e244                __vector_23
                0x0000e244                __vector_30
                0x0000e244                __vector_25
                0x0000e244                __vector_11
                0x0000e244                __vector_13
                0x0000e244                __vector_17
                0x0000e244                __vector_19
                0x0000e244                __vector_7
                0x0000e244                __vector_27
                0x0000e244                __vector_5
                0x0000e244                __vector_4
                0x0000e244                __vector_9
                0x0000e244                __vector_2
                0x0000e244                __vector_15
                0x0000e244                __vector_29
                0x0000e244                __vector_8
                0x0000e244                __vector_26
                0x0000e244                __vector_14
                0x0000e244                __vector_10
                0x0000e244                __vector_16
                0x0000e244                __vector_18
                0x0000e248                . = ALIGN (0x2)
 *(.text.*)
 .text.addByteToChecksum
                0x0000e248       0x5a source/ASIP.o
 .text.resetChecksum
                0x0000e2a2       0x20 source/ASIP.o
 .text.transmitAddByteToChecksum
                0x0000e2c2       0x5a source/ASIP.o
 .text.stepAsipStateMachine
                0x0000e31c       0xde source/ASIP.o
                0x0000e31c                stepAsipStateMachine
 .text.getResponseType
                0x0000e3fa        0xa source/ASIP.o
                0x0000e3fa                getResponseType
 .text.buildAsipTransmitMessage
                0x0000e404       0x9a source/ASIP.o
                0x0000e404                buildAsipTransmitMessage
 .text.transmitAsipMessage
                0x0000e49e        0x8 source/ASIP.o
                0x0000e49e                transmitAsipMessage
 .text.processValidAsipMessages
                0x0000e4a6      0x298 source/ASIP.o
                0x0000e4a6                processValidAsipMessages
 .text.getReceivedChecksum
                0x0000e73e       0x12 source/ASIP.o
                0x0000e73e                getReceivedChecksum
 .text.JumpToApp
                0x0000e750       0x10 source/SensorModuleWirelessBoot.o
 .text.getPageBufferUsed
                0x0000e760       0x2c source/SensorModuleWirelessBoot.o
 .text.popPageBuffer
                0x0000e78c       0x40 source/SensorModuleWirelessBoot.o
 .text.__vector_12
                0x0000e7cc       0x32 source/SensorModuleWirelessBoot.o
                0x0000e7cc                __vector_12
 .text.sendReadyForFwUpdate
                0x0000e7fe       0x2a source/SensorModuleWirelessBoot.o
                0x0000e7fe                sendReadyForFwUpdate
 .text.setWifiDoneFlag
                0x0000e828        0x8 source/SensorModuleWirelessBoot.o
                0x0000e828                setWifiDoneFlag
 .text.startup.main
                0x0000e830      0x3f0 source/SensorModuleWirelessBoot.o
                0x0000e830                main
 .text.pushPageBuffer
                0x0000ec20       0x6c source/SensorModuleWirelessBoot.o
                0x0000ec20                pushPageBuffer
 .text.setFwUpdateCompleteFlag
                0x0000ec8c        0x8 source/SensorModuleWirelessBoot.o
                0x0000ec8c                setFwUpdateCompleteFlag
 .text.readHwPartNum
                0x0000ec94       0x32 source/SensorModuleWirelessBoot.o
                0x0000ec94                readHwPartNum
 .text.readHwVersion
                0x0000ecc6       0x32 source/SensorModuleWirelessBoot.o
                0x0000ecc6                readHwVersion
 .text.readFwPartNum
                0x0000ecf8        0x8 source/SensorModuleWirelessBoot.o
                0x0000ecf8                readFwPartNum
 .text.getSerialNumPtr
                0x0000ed00        0x6 source/SensorModuleWirelessBoot.o
                0x0000ed00                getSerialNumPtr
 .text.getFwVersionPtr
                0x0000ed06        0x6 source/SensorModuleWirelessBoot.o
                0x0000ed06                getFwVersionPtr
 .text.compareSerialNums
                0x0000ed0c       0x22 source/SensorModuleWirelessBoot.o
                0x0000ed0c                compareSerialNums
 .text.initUART
                0x0000ed2e       0x3c source/UART.o
                0x0000ed2e                initUART
 .text.__vector_21
                0x0000ed6a       0x64 source/UART.o
                0x0000ed6a                __vector_21
 .text.__vector_20
                0x0000edce       0x9a source/UART.o
                0x0000edce                __vector_20
 .text.getUART_TxBytesFree
                0x0000ee68       0x22 source/UART.o
                0x0000ee68                getUART_TxBytesFree
 .text.addBytesToWifiTxBuffer
                0x0000ee8a       0x80 source/UART.o
                0x0000ee8a                addBytesToWifiTxBuffer
 .text.getIsTX_Idle
                0x0000ef0a       0x20 source/UART.o
                0x0000ef0a                getIsTX_Idle
 .text.setWifiResetHigh
                0x0000ef2a        0x4 source/WiFiModule.o
                0x0000ef2a                setWifiResetHigh
 .text.sendWifiCommand
                0x0000ef2e       0x4a source/WiFiModule.o
                0x0000ef2e                sendWifiCommand
 .text.stepInitWiFiModule
                0x0000ef78      0x342 source/WiFiModule.o
                0x0000ef78                stepInitWiFiModule
 .text.sendUdpPacket
                0x0000f2ba       0xa4 source/WiFiModule.o
                0x0000f2ba                sendUdpPacket
 .text.libgcc.div
                0x0000f35e       0x18 d:/programfiles/atmelstudio/7.0/toolchain/avr8/avr8-gnu-toolchain/bin/../lib/gcc/avr/5.4.0/avr5\libgcc.a(_udivmodqi4.o)
                0x0000f35e                __udivmodqi4
 .text.libgcc   0x0000f376        0xc d:/programfiles/atmelstudio/7.0/toolchain/avr8/avr8-gnu-toolchain/bin/../lib/gcc/avr/5.4.0/avr5\libgcc.a(_tablejump2.o)
                0x0000f376                __tablejump2__
 .text.avr-libc
                0x0000f382        0xe d:/programfiles/atmelstudio/7.0/toolchain/avr8/avr8-gnu-toolchain/bin/../lib/gcc/avr/5.4.0/../../../../avr/lib/avr5\libc.a(strcpy_P.o)
                0x0000f382                strcpy_P
 .text.avr-libc
                0x0000f390       0x12 d:/programfiles/atmelstudio/7.0/toolchain/avr8/avr8-gnu-toolchain/bin/../lib/gcc/avr/5.4.0/../../../../avr/lib/avr5\libc.a(strlen_P.o)
                0x0000f390                __strlen_P
 .text.avr-libc
                0x0000f3a2       0x10 D:/ProgramFiles/AtmelStudio/7.0/Packs/atmel/ATmega_DFP/1.7.374/gcc/dev/atmega64m1/avr5\libatmega64m1.a(eerd_byte.o)
                0x0000f3a2                eeprom_read_byte
 .text.avr-libc
                0x0000f3b2       0x1c D:/ProgramFiles/AtmelStudio/7.0/Packs/atmel/ATmega_DFP/1.7.374/gcc/dev/atmega64m1/avr5\libatmega64m1.a(eewr_byte.o)
                0x0000f3b2                eeprom_write_byte
                0x0000f3b4                eeprom_write_r18
                0x0000f3ce                . = ALIGN (0x2)
 *(.fini9)
 .fini9         0x0000f3ce        0x0 d:/programfiles/atmelstudio/7.0/toolchain/avr8/avr8-gnu-toolchain/bin/../lib/gcc/avr/5.4.0/avr5\libgcc.a(_exit.o)
                0x0000f3ce                _exit
                0x0000f3ce                exit
 *(.fini9)
 *(.fini8)
 *(.fini8)
 *(.fini7)
 *(.fini7)
 *(.fini6)
 *(.fini6)
 *(.fini5)
 *(.fini5)
 *(.fini4)
 *(.fini4)
 *(.fini3)
 *(.fini3)
 *(.fini2)
 *(.fini2)
 *(.fini1)
 *(.fini1)
 *(.fini0)
 .fini0         0x0000f3ce        0x4 d:/programfiles/atmelstudio/7.0/toolchain/avr8/avr8-gnu-toolchain/bin/../lib/gcc/avr/5.4.0/avr5\libgcc.a(_exit.o)
 *(.fini0)
                0x0000f3d2                _etext = .

.data           0x00800100        0x0 load address 0x0000f3d2
                0x00800100                PROVIDE (__data_start, .)
 *(.data)
 *(.data*)
 *(.gnu.linkonce.d*)
 *(.rodata)
 *(.rodata*)
 *(.gnu.linkonce.r*)
                0x00800100                . = ALIGN (0x2)
                0x00800100                _edata = .
                0x00800100                PROVIDE (__data_end, .)

.bss            0x00800100      0x2e2
                0x00800100                PROVIDE (__bss_start, .)
 *(.bss)
 *(.bss*)
 .bss.receivedChecksum
                0x00800100        0x4 source/ASIP.o
 .bss.scbBytesWrittenInPacket
                0x00800104        0x2 source/ASIP.o
 .bss.scdwNextWriteAddress
                0x00800106        0x4 source/ASIP.o
 .bss.transmitFinalChecksum2
                0x0080010a        0x1 source/ASIP.o
 .bss.transmitFinalChecksum1
                0x0080010b        0x1 source/ASIP.o
 .bss.transmitRunningChecksum2
                0x0080010c        0x2 source/ASIP.o
 .bss.transmitRunningChecksum1
                0x0080010e        0x2 source/ASIP.o
 .bss.runningCS2
                0x00800110        0x2 source/ASIP.o
 .bss.runningCS1
                0x00800112        0x2 source/ASIP.o
 .bss.outgoingMsg
                0x00800114        0x7 source/ASIP.o
 .bss.ASIPMessageReady
                0x0080011b        0x1 source/ASIP.o
 .bss.PayloadCount
                0x0080011c        0x1 source/ASIP.o
 .bss.PayloadIndex
                0x0080011d        0x1 source/ASIP.o
 .bss.responseType
                0x0080011e        0x1 source/ASIP.o
 .bss.Msg_CS2   0x0080011f        0x1 source/ASIP.o
 .bss.Msg_CS1   0x00800120        0x1 source/ASIP.o
 .bss.Msg_Payload
                0x00800121      0x100 source/ASIP.o
 .bss.Msg_Length
                0x00800221        0x1 source/ASIP.o
 .bss.Msg_ID    0x00800222        0x1 source/ASIP.o
 .bss.Msg_Class
                0x00800223        0x1 source/ASIP.o
 .bss.AsipSMState
                0x00800224        0x1 source/ASIP.o
 .bss.flashCount
                0x00800225        0x2 source/SensorModuleWirelessBoot.o
 .bss.serialNum
                0x00800227        0xa source/SensorModuleWirelessBoot.o
 .bss.wifiConfigDone
                0x00800231        0x1 source/SensorModuleWirelessBoot.o
 .bss.fwUpdateCompleteFlag
                0x00800232        0x1 source/SensorModuleWirelessBoot.o
 .bss.startBootMsgSent
                0x00800233        0x1 source/SensorModuleWirelessBoot.o
 .bss.appErrorMsgSent
                0x00800234        0x1 source/SensorModuleWirelessBoot.o
 .bss.fwVersion
                0x00800235       0x10 source/SensorModuleWirelessBoot.o
 .bss.scbyChksm3
                0x00800245        0x4 source/SensorModuleWirelessBoot.o
 .bss.scbyChksm2
                0x00800249        0x4 source/SensorModuleWirelessBoot.o
 .bss.scdwAddress
                0x0080024d        0x4 source/SensorModuleWirelessBoot.o
 .bss.scwProgPgTail
                0x00800251        0x2 source/SensorModuleWirelessBoot.o
 .bss.scwProgPgHead
                0x00800253        0x2 source/SensorModuleWirelessBoot.o
 .bss.scbyProgPgBuff
                0x00800255      0x101 source/SensorModuleWirelessBoot.o
 .bss.scbyTicksPending
                0x00800356        0x1 source/SensorModuleWirelessBoot.o
 .bss.scbyCurrentTick
                0x00800357        0x1 source/SensorModuleWirelessBoot.o
 .bss.scfTX_Active
                0x00800358        0x1 source/UART.o
 .bss.wifiTxBufferTail
                0x00800359        0x1 source/UART.o
 .bss.wifiTxBufferHead
                0x0080035a        0x1 source/UART.o
 .bss.wifiTxBuffer
                0x0080035b       0x80 source/UART.o
 .bss.fBaudChanged.2184
                0x008003db        0x1 source/WiFiModule.o
 .bss.nextState.2182
                0x008003dc        0x1 source/WiFiModule.o
 .bss.tickCount.2183
                0x008003dd        0x2 source/WiFiModule.o
 .bss.InitState.2181
                0x008003df        0x1 source/WiFiModule.o
 .bss.asipServerCID
                0x008003e0        0x1 source/WiFiModule.o
 .bss.asipCID   0x008003e1        0x1 source/WiFiModule.o
 *(COMMON)
                0x008003e2                PROVIDE (__bss_end, .)
                0x0000f3d2                __data_load_start = LOADADDR (.data)
                0x0000f3d2                __data_load_end = (__data_load_start + SIZEOF (.data))

.noinit         0x008003e2        0x0
                [!provide]                PROVIDE (__noinit_start, .)
 *(.noinit*)
                [!provide]                PROVIDE (__noinit_end, .)
                0x008003e2                _end = .
                [!provide]                PROVIDE (__heap_start, .)

.eeprom         0x00810000      0x800
 *(.eeprom*)
 .eeprom        0x00810000      0x800 source/ELF_Data.o
                0x00810000                eeprdata
                0x00810800                __eeprom_end = .

.fuse           0x00820000        0x3
 *(.fuse)
 .fuse          0x00820000        0x3 source/ELF_Data.o
                0x00820000                fusedata
 *(.lfuse)
 *(.hfuse)
 *(.efuse)

.lock           0x00830000        0x1
 *(.lock*)
 .lockbits      0x00830000        0x1 source/ELF_Data.o
                0x00830000                lockbits

.signature
 *(.signature*)

.user_signatures
 *(.user_signatures*)

.stab
 *(.stab)

.stabstr
 *(.stabstr)

.stab.excl
 *(.stab.excl)

.stab.exclstr
 *(.stab.exclstr)

.stab.index
 *(.stab.index)

.stab.indexstr
 *(.stab.indexstr)

.comment        0x00000000       0x30
 *(.comment)
 .comment       0x00000000       0x30 source/ASIP.o
                                 0x31 (size before relaxing)
 .comment       0x00000030       0x31 source/ELF_Data.o
 .comment       0x00000030       0x31 source/SensorModuleWirelessBoot.o
 .comment       0x00000030       0x31 source/UART.o
 .comment       0x00000030       0x31 source/WiFiModule.o

.note.gnu.avr.deviceinfo
                0x00000000       0x40
 .note.gnu.avr.deviceinfo
                0x00000000       0x40 D:/ProgramFiles/AtmelStudio/7.0/Packs/atmel/ATmega_DFP/1.7.374/gcc/dev/atmega64m1/avr5/crtatmega64m1.o

.note.gnu.build-id
 *(.note.gnu.build-id)

.debug
 *(.debug)

.line
 *(.line)

.debug_srcinfo
 *(.debug_srcinfo)

.debug_sfnames
 *(.debug_sfnames)

.debug_aranges  0x00000000      0x220
 *(.debug_aranges)
 .debug_aranges
                0x00000000       0x80 source/ASIP.o
 .debug_aranges
                0x00000080       0x18 source/ELF_Data.o
 .debug_aranges
                0x00000098       0x90 source/SensorModuleWirelessBoot.o
 .debug_aranges
                0x00000128       0x58 source/UART.o
 .debug_aranges
                0x00000180       0x60 source/WiFiModule.o
 .debug_aranges
                0x000001e0       0x20 D:/ProgramFiles/AtmelStudio/7.0/Packs/atmel/ATmega_DFP/1.7.374/gcc/dev/atmega64m1/avr5\libatmega64m1.a(eerd_byte.o)
 .debug_aranges
                0x00000200       0x20 D:/ProgramFiles/AtmelStudio/7.0/Packs/atmel/ATmega_DFP/1.7.374/gcc/dev/atmega64m1/avr5\libatmega64m1.a(eewr_byte.o)

.debug_pubnames
 *(.debug_pubnames)

.debug_info     0x00000000     0x2ede
 *(.debug_info .gnu.linkonce.wi.*)
 .debug_info    0x00000000      0xa40 D:/ProgramFiles/AtmelStudio/7.0/Packs/atmel/ATmega_DFP/1.7.374/gcc/dev/atmega64m1/avr5/crtatmega64m1.o
 .debug_info    0x00000a40      0x990 source/ASIP.o
 .debug_info    0x000013d0       0xdf source/ELF_Data.o
 .debug_info    0x000014af      0x94e source/SensorModuleWirelessBoot.o
 .debug_info    0x00001dfd      0x291 source/UART.o
 .debug_info    0x0000208e      0xd1c source/WiFiModule.o
 .debug_info    0x00002daa       0x9a D:/ProgramFiles/AtmelStudio/7.0/Packs/atmel/ATmega_DFP/1.7.374/gcc/dev/atmega64m1/avr5\libatmega64m1.a(eerd_byte.o)
 .debug_info    0x00002e44       0x9a D:/ProgramFiles/AtmelStudio/7.0/Packs/atmel/ATmega_DFP/1.7.374/gcc/dev/atmega64m1/avr5\libatmega64m1.a(eewr_byte.o)

.debug_abbrev   0x00000000     0x1419
 *(.debug_abbrev)
 .debug_abbrev  0x00000000      0x9b2 D:/ProgramFiles/AtmelStudio/7.0/Packs/atmel/ATmega_DFP/1.7.374/gcc/dev/atmega64m1/avr5/crtatmega64m1.o
 .debug_abbrev  0x000009b2      0x312 source/ASIP.o
 .debug_abbrev  0x00000cc4       0x59 source/ELF_Data.o
 .debug_abbrev  0x00000d1d      0x2f8 source/SensorModuleWirelessBoot.o
 .debug_abbrev  0x00001015      0x18c source/UART.o
 .debug_abbrev  0x000011a1      0x250 source/WiFiModule.o
 .debug_abbrev  0x000013f1       0x14 D:/ProgramFiles/AtmelStudio/7.0/Packs/atmel/ATmega_DFP/1.7.374/gcc/dev/atmega64m1/avr5\libatmega64m1.a(eerd_byte.o)
 .debug_abbrev  0x00001405       0x14 D:/ProgramFiles/AtmelStudio/7.0/Packs/atmel/ATmega_DFP/1.7.374/gcc/dev/atmega64m1/avr5\libatmega64m1.a(eewr_byte.o)

.debug_line     0x00000000     0x1702
 *(.debug_line .debug_line.* .debug_line_end)
 .debug_line    0x00000000      0x151 D:/ProgramFiles/AtmelStudio/7.0/Packs/atmel/ATmega_DFP/1.7.374/gcc/dev/atmega64m1/avr5/crtatmega64m1.o
 .debug_line    0x00000151      0x52b source/ASIP.o
 .debug_line    0x0000067c       0x32 source/ELF_Data.o
 .debug_line    0x000006ae      0x6f4 source/SensorModuleWirelessBoot.o
 .debug_line    0x00000da2      0x293 source/UART.o
 .debug_line    0x00001035      0x5b5 source/WiFiModule.o
 .debug_line    0x000015ea       0x7a D:/ProgramFiles/AtmelStudio/7.0/Packs/atmel/ATmega_DFP/1.7.374/gcc/dev/atmega64m1/avr5\libatmega64m1.a(eerd_byte.o)
 .debug_line    0x00001664       0x9e D:/ProgramFiles/AtmelStudio/7.0/Packs/atmel/ATmega_DFP/1.7.374/gcc/dev/atmega64m1/avr5\libatmega64m1.a(eewr_byte.o)

.debug_frame    0x00000000      0x4c4
 *(.debug_frame)
 .debug_frame   0x00000000      0x124 source/ASIP.o
 .debug_frame   0x00000124      0x164 source/SensorModuleWirelessBoot.o
 .debug_frame   0x00000288      0x134 source/UART.o
 .debug_frame   0x000003bc      0x108 source/WiFiModule.o

.debug_str      0x00000000     0x14dd
 *(.debug_str)
 .debug_str     0x00000000      0x3d0 D:/ProgramFiles/AtmelStudio/7.0/Packs/atmel/ATmega_DFP/1.7.374/gcc/dev/atmega64m1/avr5/crtatmega64m1.o
 .debug_str     0x000003d0      0x6fd source/ASIP.o
                                0x754 (size before relaxing)
 .debug_str     0x00000acd       0x30 source/ELF_Data.o
                                0x1bc (size before relaxing)
 .debug_str     0x00000afd      0x307 source/SensorModuleWirelessBoot.o
                                0x5e6 (size before relaxing)
 .debug_str     0x00000e04      0x106 source/UART.o
                                0x2ed (size before relaxing)
 .debug_str     0x00000f0a      0x5d3 source/WiFiModule.o
                                0x898 (size before relaxing)

.debug_loc      0x00000000      0xfbb
 *(.debug_loc)
 .debug_loc     0x00000000      0x439 source/ASIP.o
 .debug_loc     0x00000439      0x5c7 source/SensorModuleWirelessBoot.o
 .debug_loc     0x00000a00      0x2f0 source/UART.o
 .debug_loc     0x00000cf0      0x2cb source/WiFiModule.o

.debug_macinfo
 *(.debug_macinfo)

.debug_weaknames
 *(.debug_weaknames)

.debug_funcnames
 *(.debug_funcnames)

.debug_typenames
 *(.debug_typenames)

.debug_varnames
 *(.debug_varnames)

.debug_pubtypes
 *(.debug_pubtypes)

.debug_ranges   0x00000000      0x188
 *(.debug_ranges)
 .debug_ranges  0x00000000       0x70 source/ASIP.o
 .debug_ranges  0x00000070       0x80 source/SensorModuleWirelessBoot.o
 .debug_ranges  0x000000f0       0x48 source/UART.o
 .debug_ranges  0x00000138       0x50 source/WiFiModule.o

.debug_macro
 *(.debug_macro)
OUTPUT(SensorModuleWirelessBoot_6_1.elf elf32-avr)
LOAD linker stubs
