Archive member included to satisfy reference by file (symbol)

g:/programfiles/atmelstudio/7.0/toolchain/avr8/avr8-gnu-toolchain/bin/../lib/gcc/avr/5.4.0/avr5\libgcc.a(_exit.o)
                              G:/ProgramFiles/AtmelStudio/7.0/Packs/atmel/ATmega_DFP/1.7.374/gcc/dev/atmega64m1/avr5/crtatmega64m1.o (exit)
g:/programfiles/atmelstudio/7.0/toolchain/avr8/avr8-gnu-toolchain/bin/../lib/gcc/avr/5.4.0/avr5\libgcc.a(_tablejump2.o)
                              source/ASIP.o (__tablejump2__)
g:/programfiles/atmelstudio/7.0/toolchain/avr8/avr8-gnu-toolchain/bin/../lib/gcc/avr/5.4.0/avr5\libgcc.a(_copy_data.o)
                              source/ADC.o (__do_copy_data)
g:/programfiles/atmelstudio/7.0/toolchain/avr8/avr8-gnu-toolchain/bin/../lib/gcc/avr/5.4.0/avr5\libgcc.a(_clear_bss.o)
                              source/ADC.o (__do_clear_bss)
g:/programfiles/atmelstudio/7.0/toolchain/avr8/avr8-gnu-toolchain/bin/../lib/gcc/avr/5.4.0/avr5\libgcc.a(_umulhisi3.o)
                              source/WiFiModule.o (__umulhisi3)
g:/programfiles/atmelstudio/7.0/toolchain/avr8/avr8-gnu-toolchain/bin/../lib/gcc/avr/5.4.0/../../../../avr/lib/avr5\libc.a(memcpy_P.o)
                              source/SensorModule.o (memcpy_P)
g:/programfiles/atmelstudio/7.0/toolchain/avr8/avr8-gnu-toolchain/bin/../lib/gcc/avr/5.4.0/../../../../avr/lib/avr5\libc.a(strcpy_P.o)
                              source/SensorModule.o (strcpy_P)
g:/programfiles/atmelstudio/7.0/toolchain/avr8/avr8-gnu-toolchain/bin/../lib/gcc/avr/5.4.0/../../../../avr/lib/avr5\libc.a(strlen_P.o)
                              source/WiFiModule.o (__strlen_P)
G:/ProgramFiles/AtmelStudio/7.0/Packs/atmel/ATmega_DFP/1.7.374/gcc/dev/atmega64m1/avr5\libatmega64m1.a(eerd_byte.o)
                              source/ASIP.o (eeprom_read_byte)
G:/ProgramFiles/AtmelStudio/7.0/Packs/atmel/ATmega_DFP/1.7.374/gcc/dev/atmega64m1/avr5\libatmega64m1.a(eewr_byte.o)
                              source/ADC.o (eeprom_write_byte)

Allocating common symbols
Common symbol       size              file

sensorBaseline      0x38              source/BlockageProcessor.o
nullCount           0x4               source/BlockageProcessor.o
sensorCalVals       0x38              source/BlockageProcessor.o

Discarded input sections

 .data          0x00000000        0x0 G:/ProgramFiles/AtmelStudio/7.0/Packs/atmel/ATmega_DFP/1.7.374/gcc/dev/atmega64m1/avr5/crtatmega64m1.o
 .bss           0x00000000        0x0 G:/ProgramFiles/AtmelStudio/7.0/Packs/atmel/ATmega_DFP/1.7.374/gcc/dev/atmega64m1/avr5/crtatmega64m1.o
 .text          0x00000000        0x0 source/ADC.o
 .data          0x00000000        0x0 source/ADC.o
 .bss           0x00000000        0x0 source/ADC.o
 .text.clearADCData
                0x00000000       0x32 source/ADC.o
 .text.getAccumulatedADCDataPtr
                0x00000000        0x6 source/ADC.o
 .text.selectRow1
                0x00000000        0xe source/ADC.o
 .text.selectRow2
                0x00000000        0xc source/ADC.o
 .text.selectRow3
                0x00000000        0xc source/ADC.o
 .text.selectRow4
                0x00000000        0xe source/ADC.o
 .text          0x00000000        0x0 source/ASIP.o
 .data          0x00000000        0x0 source/ASIP.o
 .bss           0x00000000        0x0 source/ASIP.o
 .text.getResponseType
                0x00000000        0xa source/ASIP.o
 .text.resetAsipStateMachine
                0x00000000       0x28 source/ASIP.o
 .text.transmitAsipMessage
                0x00000000        0x8 source/ASIP.o
 .text.transmitRawAsipMessage
                0x00000000       0x6a source/ASIP.o
 .text.transmitTcpAsipMessage
                0x00000000        0x8 source/ASIP.o
 .text.getDeviceUpdateMsgReceivedFlag
                0x00000000        0x6 source/ASIP.o
 .text.clearDeviceUpdateMsgReceivedFlag
                0x00000000        0x6 source/ASIP.o
 .bss.deviceUpdateMsgReceivedFlag
                0x00000000        0x1 source/ASIP.o
 .bss.responseType
                0x00000000        0x1 source/ASIP.o
 .text          0x00000000        0x0 source/BIT.o
 .data          0x00000000        0x0 source/BIT.o
 .bss           0x00000000        0x0 source/BIT.o
 .text          0x00000000        0x0 source/BlockageProcessor.o
 .data          0x00000000        0x0 source/BlockageProcessor.o
 .bss           0x00000000        0x0 source/BlockageProcessor.o
 .text.getNoMagDetectionDone
                0x00000000        0x6 source/BlockageProcessor.o
 .text          0x00000000        0x0 source/CAN.o
 .data          0x00000000        0x0 source/CAN.o
 .bss           0x00000000        0x0 source/CAN.o
 .text.sendCANSensorDataMsg
                0x00000000       0xea source/CAN.o
 .text.sendCANActiveBlockageMsg
                0x00000000       0xc4 source/CAN.o
 .text.sendCANRequestVersionsMsg
                0x00000000       0x58 source/CAN.o
 .text.setActiveBlockageFlag
                0x00000000        0x8 source/CAN.o
 .text.setActiveBlockageRows
                0x00000000        0x6 source/CAN.o
 .text.getActiveBlockageStartTimes
                0x00000000        0x6 source/CAN.o
 .text          0x00000000        0x0 source/can_drv.o
 .data          0x00000000        0x0 source/can_drv.o
 .bss           0x00000000        0x0 source/can_drv.o
 .text          0x00000000        0x0 source/can_lib.o
 .data          0x00000000        0x0 source/can_lib.o
 .bss           0x00000000        0x0 source/can_lib.o
 .text          0x00000000        0x0 source/DAC.o
 .data          0x00000000        0x0 source/DAC.o
 .bss           0x00000000        0x0 source/DAC.o
 .rodata.DAC_OUTPUT_2_5V
                0x00000000        0x2 source/DAC.o
 .text          0x00000000        0x0 source/LED.o
 .data          0x00000000        0x0 source/LED.o
 .bss           0x00000000        0x0 source/LED.o
 .text.toggleRow4LED
                0x00000000        0xa source/LED.o
 .text.turnOnRow1LED
                0x00000000        0x4 source/LED.o
 .text.turnOnRow2LED
                0x00000000        0x4 source/LED.o
 .text.turnOnRow3LED
                0x00000000        0x4 source/LED.o
 .text.turnOnRow4LED
                0x00000000        0x4 source/LED.o
 .text          0x00000000        0x0 source/SensorModule.o
 .data          0x00000000        0x0 source/SensorModule.o
 .bss           0x00000000        0x0 source/SensorModule.o
 .text          0x00000000        0x0 source/TaskList.o
 .data          0x00000000        0x0 source/TaskList.o
 .bss           0x00000000        0x0 source/TaskList.o
 .text          0x00000000        0x0 source/UART.o
 .data          0x00000000        0x0 source/UART.o
 .bss           0x00000000        0x0 source/UART.o
 .text.getUART_TxBytesFree
                0x00000000       0x28 source/UART.o
 .text.setExpectedWifiResponse
                0x00000000        0x2 source/UART.o
 .text          0x00000000        0x0 source/WiFiModule.o
 .data          0x00000000        0x0 source/WiFiModule.o
 .bss           0x00000000        0x0 source/WiFiModule.o
 .text.sendTcpPacket
                0x00000000       0xc0 source/WiFiModule.o
 .text.startUdpPacketTransmit
                0x00000000       0x9e source/WiFiModule.o
 .progmem.data.setFlowControlCommand
                0x00000000        0x8 source/WiFiModule.o
 .progmem.data.setBaudRateCommand
                0x00000000       0x13 source/WiFiModule.o
 .progmem.data.udpBulkTransferEnd
                0x00000000       0x15 source/WiFiModule.o
 .progmem.data.startUdpServerCommand
                0x00000000       0x11 source/WiFiModule.o
 .progmem.data.closeAllConnectionsCommand
                0x00000000        0xf source/WiFiModule.o
 .progmem.data.udpOutConnectCommand
                0x00000000       0x1f source/WiFiModule.o
 .text          0x00000000        0x0 g:/programfiles/atmelstudio/7.0/toolchain/avr8/avr8-gnu-toolchain/bin/../lib/gcc/avr/5.4.0/avr5\libgcc.a(_exit.o)
 .data          0x00000000        0x0 g:/programfiles/atmelstudio/7.0/toolchain/avr8/avr8-gnu-toolchain/bin/../lib/gcc/avr/5.4.0/avr5\libgcc.a(_exit.o)
 .bss           0x00000000        0x0 g:/programfiles/atmelstudio/7.0/toolchain/avr8/avr8-gnu-toolchain/bin/../lib/gcc/avr/5.4.0/avr5\libgcc.a(_exit.o)
 .text.libgcc.mul
                0x00000000        0x0 g:/programfiles/atmelstudio/7.0/toolchain/avr8/avr8-gnu-toolchain/bin/../lib/gcc/avr/5.4.0/avr5\libgcc.a(_exit.o)
 .text.libgcc.div
                0x00000000        0x0 g:/programfiles/atmelstudio/7.0/toolchain/avr8/avr8-gnu-toolchain/bin/../lib/gcc/avr/5.4.0/avr5\libgcc.a(_exit.o)
 .text.libgcc   0x00000000        0x0 g:/programfiles/atmelstudio/7.0/toolchain/avr8/avr8-gnu-toolchain/bin/../lib/gcc/avr/5.4.0/avr5\libgcc.a(_exit.o)
 .text.libgcc.prologue
                0x00000000        0x0 g:/programfiles/atmelstudio/7.0/toolchain/avr8/avr8-gnu-toolchain/bin/../lib/gcc/avr/5.4.0/avr5\libgcc.a(_exit.o)
 .text.libgcc.builtins
                0x00000000        0x0 g:/programfiles/atmelstudio/7.0/toolchain/avr8/avr8-gnu-toolchain/bin/../lib/gcc/avr/5.4.0/avr5\libgcc.a(_exit.o)
 .text.libgcc.fmul
                0x00000000        0x0 g:/programfiles/atmelstudio/7.0/toolchain/avr8/avr8-gnu-toolchain/bin/../lib/gcc/avr/5.4.0/avr5\libgcc.a(_exit.o)
 .text.libgcc.fixed
                0x00000000        0x0 g:/programfiles/atmelstudio/7.0/toolchain/avr8/avr8-gnu-toolchain/bin/../lib/gcc/avr/5.4.0/avr5\libgcc.a(_exit.o)
 .text          0x00000000        0x0 g:/programfiles/atmelstudio/7.0/toolchain/avr8/avr8-gnu-toolchain/bin/../lib/gcc/avr/5.4.0/avr5\libgcc.a(_tablejump2.o)
 .data          0x00000000        0x0 g:/programfiles/atmelstudio/7.0/toolchain/avr8/avr8-gnu-toolchain/bin/../lib/gcc/avr/5.4.0/avr5\libgcc.a(_tablejump2.o)
 .bss           0x00000000        0x0 g:/programfiles/atmelstudio/7.0/toolchain/avr8/avr8-gnu-toolchain/bin/../lib/gcc/avr/5.4.0/avr5\libgcc.a(_tablejump2.o)
 .text.libgcc.mul
                0x00000000        0x0 g:/programfiles/atmelstudio/7.0/toolchain/avr8/avr8-gnu-toolchain/bin/../lib/gcc/avr/5.4.0/avr5\libgcc.a(_tablejump2.o)
 .text.libgcc.div
                0x00000000        0x0 g:/programfiles/atmelstudio/7.0/toolchain/avr8/avr8-gnu-toolchain/bin/../lib/gcc/avr/5.4.0/avr5\libgcc.a(_tablejump2.o)
 .text.libgcc.prologue
                0x00000000        0x0 g:/programfiles/atmelstudio/7.0/toolchain/avr8/avr8-gnu-toolchain/bin/../lib/gcc/avr/5.4.0/avr5\libgcc.a(_tablejump2.o)
 .text.libgcc.builtins
                0x00000000        0x0 g:/programfiles/atmelstudio/7.0/toolchain/avr8/avr8-gnu-toolchain/bin/../lib/gcc/avr/5.4.0/avr5\libgcc.a(_tablejump2.o)
 .text.libgcc.fmul
                0x00000000        0x0 g:/programfiles/atmelstudio/7.0/toolchain/avr8/avr8-gnu-toolchain/bin/../lib/gcc/avr/5.4.0/avr5\libgcc.a(_tablejump2.o)
 .text.libgcc.fixed
                0x00000000        0x0 g:/programfiles/atmelstudio/7.0/toolchain/avr8/avr8-gnu-toolchain/bin/../lib/gcc/avr/5.4.0/avr5\libgcc.a(_tablejump2.o)
 .text          0x00000000        0x0 g:/programfiles/atmelstudio/7.0/toolchain/avr8/avr8-gnu-toolchain/bin/../lib/gcc/avr/5.4.0/avr5\libgcc.a(_copy_data.o)
 .data          0x00000000        0x0 g:/programfiles/atmelstudio/7.0/toolchain/avr8/avr8-gnu-toolchain/bin/../lib/gcc/avr/5.4.0/avr5\libgcc.a(_copy_data.o)
 .bss           0x00000000        0x0 g:/programfiles/atmelstudio/7.0/toolchain/avr8/avr8-gnu-toolchain/bin/../lib/gcc/avr/5.4.0/avr5\libgcc.a(_copy_data.o)
 .text.libgcc.mul
                0x00000000        0x0 g:/programfiles/atmelstudio/7.0/toolchain/avr8/avr8-gnu-toolchain/bin/../lib/gcc/avr/5.4.0/avr5\libgcc.a(_copy_data.o)
 .text.libgcc.div
                0x00000000        0x0 g:/programfiles/atmelstudio/7.0/toolchain/avr8/avr8-gnu-toolchain/bin/../lib/gcc/avr/5.4.0/avr5\libgcc.a(_copy_data.o)
 .text.libgcc   0x00000000        0x0 g:/programfiles/atmelstudio/7.0/toolchain/avr8/avr8-gnu-toolchain/bin/../lib/gcc/avr/5.4.0/avr5\libgcc.a(_copy_data.o)
 .text.libgcc.prologue
                0x00000000        0x0 g:/programfiles/atmelstudio/7.0/toolchain/avr8/avr8-gnu-toolchain/bin/../lib/gcc/avr/5.4.0/avr5\libgcc.a(_copy_data.o)
 .text.libgcc.builtins
                0x00000000        0x0 g:/programfiles/atmelstudio/7.0/toolchain/avr8/avr8-gnu-toolchain/bin/../lib/gcc/avr/5.4.0/avr5\libgcc.a(_copy_data.o)
 .text.libgcc.fmul
                0x00000000        0x0 g:/programfiles/atmelstudio/7.0/toolchain/avr8/avr8-gnu-toolchain/bin/../lib/gcc/avr/5.4.0/avr5\libgcc.a(_copy_data.o)
 .text.libgcc.fixed
                0x00000000        0x0 g:/programfiles/atmelstudio/7.0/toolchain/avr8/avr8-gnu-toolchain/bin/../lib/gcc/avr/5.4.0/avr5\libgcc.a(_copy_data.o)
 .text          0x00000000        0x0 g:/programfiles/atmelstudio/7.0/toolchain/avr8/avr8-gnu-toolchain/bin/../lib/gcc/avr/5.4.0/avr5\libgcc.a(_clear_bss.o)
 .data          0x00000000        0x0 g:/programfiles/atmelstudio/7.0/toolchain/avr8/avr8-gnu-toolchain/bin/../lib/gcc/avr/5.4.0/avr5\libgcc.a(_clear_bss.o)
 .bss           0x00000000        0x0 g:/programfiles/atmelstudio/7.0/toolchain/avr8/avr8-gnu-toolchain/bin/../lib/gcc/avr/5.4.0/avr5\libgcc.a(_clear_bss.o)
 .text.libgcc.mul
                0x00000000        0x0 g:/programfiles/atmelstudio/7.0/toolchain/avr8/avr8-gnu-toolchain/bin/../lib/gcc/avr/5.4.0/avr5\libgcc.a(_clear_bss.o)
 .text.libgcc.div
                0x00000000        0x0 g:/programfiles/atmelstudio/7.0/toolchain/avr8/avr8-gnu-toolchain/bin/../lib/gcc/avr/5.4.0/avr5\libgcc.a(_clear_bss.o)
 .text.libgcc   0x00000000        0x0 g:/programfiles/atmelstudio/7.0/toolchain/avr8/avr8-gnu-toolchain/bin/../lib/gcc/avr/5.4.0/avr5\libgcc.a(_clear_bss.o)
 .text.libgcc.prologue
                0x00000000        0x0 g:/programfiles/atmelstudio/7.0/toolchain/avr8/avr8-gnu-toolchain/bin/../lib/gcc/avr/5.4.0/avr5\libgcc.a(_clear_bss.o)
 .text.libgcc.builtins
                0x00000000        0x0 g:/programfiles/atmelstudio/7.0/toolchain/avr8/avr8-gnu-toolchain/bin/../lib/gcc/avr/5.4.0/avr5\libgcc.a(_clear_bss.o)
 .text.libgcc.fmul
                0x00000000        0x0 g:/programfiles/atmelstudio/7.0/toolchain/avr8/avr8-gnu-toolchain/bin/../lib/gcc/avr/5.4.0/avr5\libgcc.a(_clear_bss.o)
 .text.libgcc.fixed
                0x00000000        0x0 g:/programfiles/atmelstudio/7.0/toolchain/avr8/avr8-gnu-toolchain/bin/../lib/gcc/avr/5.4.0/avr5\libgcc.a(_clear_bss.o)
 .text          0x00000000        0x0 g:/programfiles/atmelstudio/7.0/toolchain/avr8/avr8-gnu-toolchain/bin/../lib/gcc/avr/5.4.0/avr5\libgcc.a(_umulhisi3.o)
 .data          0x00000000        0x0 g:/programfiles/atmelstudio/7.0/toolchain/avr8/avr8-gnu-toolchain/bin/../lib/gcc/avr/5.4.0/avr5\libgcc.a(_umulhisi3.o)
 .bss           0x00000000        0x0 g:/programfiles/atmelstudio/7.0/toolchain/avr8/avr8-gnu-toolchain/bin/../lib/gcc/avr/5.4.0/avr5\libgcc.a(_umulhisi3.o)
 .text.libgcc.mul
                0x00000000       0x1e g:/programfiles/atmelstudio/7.0/toolchain/avr8/avr8-gnu-toolchain/bin/../lib/gcc/avr/5.4.0/avr5\libgcc.a(_umulhisi3.o)
 .text.libgcc.div
                0x00000000        0x0 g:/programfiles/atmelstudio/7.0/toolchain/avr8/avr8-gnu-toolchain/bin/../lib/gcc/avr/5.4.0/avr5\libgcc.a(_umulhisi3.o)
 .text.libgcc   0x00000000        0x0 g:/programfiles/atmelstudio/7.0/toolchain/avr8/avr8-gnu-toolchain/bin/../lib/gcc/avr/5.4.0/avr5\libgcc.a(_umulhisi3.o)
 .text.libgcc.prologue
                0x00000000        0x0 g:/programfiles/atmelstudio/7.0/toolchain/avr8/avr8-gnu-toolchain/bin/../lib/gcc/avr/5.4.0/avr5\libgcc.a(_umulhisi3.o)
 .text.libgcc.builtins
                0x00000000        0x0 g:/programfiles/atmelstudio/7.0/toolchain/avr8/avr8-gnu-toolchain/bin/../lib/gcc/avr/5.4.0/avr5\libgcc.a(_umulhisi3.o)
 .text.libgcc.fmul
                0x00000000        0x0 g:/programfiles/atmelstudio/7.0/toolchain/avr8/avr8-gnu-toolchain/bin/../lib/gcc/avr/5.4.0/avr5\libgcc.a(_umulhisi3.o)
 .text.libgcc.fixed
                0x00000000        0x0 g:/programfiles/atmelstudio/7.0/toolchain/avr8/avr8-gnu-toolchain/bin/../lib/gcc/avr/5.4.0/avr5\libgcc.a(_umulhisi3.o)
 .text          0x00000000        0x0 g:/programfiles/atmelstudio/7.0/toolchain/avr8/avr8-gnu-toolchain/bin/../lib/gcc/avr/5.4.0/../../../../avr/lib/avr5\libc.a(memcpy_P.o)
 .data          0x00000000        0x0 g:/programfiles/atmelstudio/7.0/toolchain/avr8/avr8-gnu-toolchain/bin/../lib/gcc/avr/5.4.0/../../../../avr/lib/avr5\libc.a(memcpy_P.o)
 .bss           0x00000000        0x0 g:/programfiles/atmelstudio/7.0/toolchain/avr8/avr8-gnu-toolchain/bin/../lib/gcc/avr/5.4.0/../../../../avr/lib/avr5\libc.a(memcpy_P.o)
 .text          0x00000000        0x0 g:/programfiles/atmelstudio/7.0/toolchain/avr8/avr8-gnu-toolchain/bin/../lib/gcc/avr/5.4.0/../../../../avr/lib/avr5\libc.a(strcpy_P.o)
 .data          0x00000000        0x0 g:/programfiles/atmelstudio/7.0/toolchain/avr8/avr8-gnu-toolchain/bin/../lib/gcc/avr/5.4.0/../../../../avr/lib/avr5\libc.a(strcpy_P.o)
 .bss           0x00000000        0x0 g:/programfiles/atmelstudio/7.0/toolchain/avr8/avr8-gnu-toolchain/bin/../lib/gcc/avr/5.4.0/../../../../avr/lib/avr5\libc.a(strcpy_P.o)
 .text          0x00000000        0x0 g:/programfiles/atmelstudio/7.0/toolchain/avr8/avr8-gnu-toolchain/bin/../lib/gcc/avr/5.4.0/../../../../avr/lib/avr5\libc.a(strlen_P.o)
 .data          0x00000000        0x0 g:/programfiles/atmelstudio/7.0/toolchain/avr8/avr8-gnu-toolchain/bin/../lib/gcc/avr/5.4.0/../../../../avr/lib/avr5\libc.a(strlen_P.o)
 .bss           0x00000000        0x0 g:/programfiles/atmelstudio/7.0/toolchain/avr8/avr8-gnu-toolchain/bin/../lib/gcc/avr/5.4.0/../../../../avr/lib/avr5\libc.a(strlen_P.o)
 .text          0x00000000        0x0 G:/ProgramFiles/AtmelStudio/7.0/Packs/atmel/ATmega_DFP/1.7.374/gcc/dev/atmega64m1/avr5\libatmega64m1.a(eerd_byte.o)
 .data          0x00000000        0x0 G:/ProgramFiles/AtmelStudio/7.0/Packs/atmel/ATmega_DFP/1.7.374/gcc/dev/atmega64m1/avr5\libatmega64m1.a(eerd_byte.o)
 .bss           0x00000000        0x0 G:/ProgramFiles/AtmelStudio/7.0/Packs/atmel/ATmega_DFP/1.7.374/gcc/dev/atmega64m1/avr5\libatmega64m1.a(eerd_byte.o)
 .text          0x00000000        0x0 G:/ProgramFiles/AtmelStudio/7.0/Packs/atmel/ATmega_DFP/1.7.374/gcc/dev/atmega64m1/avr5\libatmega64m1.a(eewr_byte.o)
 .data          0x00000000        0x0 G:/ProgramFiles/AtmelStudio/7.0/Packs/atmel/ATmega_DFP/1.7.374/gcc/dev/atmega64m1/avr5\libatmega64m1.a(eewr_byte.o)
 .bss           0x00000000        0x0 G:/ProgramFiles/AtmelStudio/7.0/Packs/atmel/ATmega_DFP/1.7.374/gcc/dev/atmega64m1/avr5\libatmega64m1.a(eewr_byte.o)

Memory Configuration

Name             Origin             Length             Attributes
text             0x00000000         0x00010000         xr
data             0x00800100         0x00001000         rw !x
eeprom           0x00810000         0x00000800         rw !x
fuse             0x00820000         0x00000003         rw !x
lock             0x00830000         0x00000400         rw !x
signature        0x00840000         0x00000400         rw !x
user_signatures  0x00850000         0x00000400         rw !x
*default*        0x00000000         0xffffffff

Linker script and memory map

Address of section .data set to 0x800100
LOAD G:/ProgramFiles/AtmelStudio/7.0/Packs/atmel/ATmega_DFP/1.7.374/gcc/dev/atmega64m1/avr5/crtatmega64m1.o
LOAD source/ADC.o
LOAD source/ASIP.o
LOAD source/BIT.o
LOAD source/BlockageProcessor.o
LOAD source/CAN.o
LOAD source/can_drv.o
LOAD source/can_lib.o
LOAD source/DAC.o
LOAD source/LED.o
LOAD source/SensorModule.o
LOAD source/TaskList.o
LOAD source/UART.o
LOAD source/WiFiModule.o
START GROUP
LOAD g:/programfiles/atmelstudio/7.0/toolchain/avr8/avr8-gnu-toolchain/bin/../lib/gcc/avr/5.4.0/../../../../avr/lib/avr5\libm.a
END GROUP
START GROUP
LOAD g:/programfiles/atmelstudio/7.0/toolchain/avr8/avr8-gnu-toolchain/bin/../lib/gcc/avr/5.4.0/avr5\libgcc.a
LOAD g:/programfiles/atmelstudio/7.0/toolchain/avr8/avr8-gnu-toolchain/bin/../lib/gcc/avr/5.4.0/../../../../avr/lib/avr5\libm.a
LOAD g:/programfiles/atmelstudio/7.0/toolchain/avr8/avr8-gnu-toolchain/bin/../lib/gcc/avr/5.4.0/../../../../avr/lib/avr5\libc.a
LOAD G:/ProgramFiles/AtmelStudio/7.0/Packs/atmel/ATmega_DFP/1.7.374/gcc/dev/atmega64m1/avr5\libatmega64m1.a
END GROUP
                0x00000000                __TEXT_REGION_ORIGIN__ = DEFINED (__TEXT_REGION_ORIGIN__)?__TEXT_REGION_ORIGIN__:0x0
                [0x00800100]                __DATA_REGION_ORIGIN__ = DEFINED (__DATA_REGION_ORIGIN__)?__DATA_REGION_ORIGIN__:0x800060
                [0x00010000]                __TEXT_REGION_LENGTH__ = DEFINED (__TEXT_REGION_LENGTH__)?__TEXT_REGION_LENGTH__:0x20000
                [0x00001000]                __DATA_REGION_LENGTH__ = DEFINED (__DATA_REGION_LENGTH__)?__DATA_REGION_LENGTH__:0xffa0
                [0x00000800]                __EEPROM_REGION_LENGTH__ = DEFINED (__EEPROM_REGION_LENGTH__)?__EEPROM_REGION_LENGTH__:0x10000
                [0x00000003]                __FUSE_REGION_LENGTH__ = DEFINED (__FUSE_REGION_LENGTH__)?__FUSE_REGION_LENGTH__:0x400
                0x00000400                __LOCK_REGION_LENGTH__ = DEFINED (__LOCK_REGION_LENGTH__)?__LOCK_REGION_LENGTH__:0x400
                0x00000400                __SIGNATURE_REGION_LENGTH__ = DEFINED (__SIGNATURE_REGION_LENGTH__)?__SIGNATURE_REGION_LENGTH__:0x400
                0x00000400                __USER_SIGNATURE_REGION_LENGTH__ = DEFINED (__USER_SIGNATURE_REGION_LENGTH__)?__USER_SIGNATURE_REGION_LENGTH__:0x400

.hash
 *(.hash)

.dynsym
 *(.dynsym)

.dynstr
 *(.dynstr)

.gnu.version
 *(.gnu.version)

.gnu.version_d
 *(.gnu.version_d)

.gnu.version_r
 *(.gnu.version_r)

.rel.init
 *(.rel.init)

.rela.init
 *(.rela.init)

.rel.text
 *(.rel.text)
 *(.rel.text.*)
 *(.rel.gnu.linkonce.t*)

.rela.text
 *(.rela.text)
 *(.rela.text.*)
 *(.rela.gnu.linkonce.t*)

.rel.fini
 *(.rel.fini)

.rela.fini
 *(.rela.fini)

.rel.rodata
 *(.rel.rodata)
 *(.rel.rodata.*)
 *(.rel.gnu.linkonce.r*)

.rela.rodata
 *(.rela.rodata)
 *(.rela.rodata.*)
 *(.rela.gnu.linkonce.r*)

.rel.data
 *(.rel.data)
 *(.rel.data.*)
 *(.rel.gnu.linkonce.d*)

.rela.data
 *(.rela.data)
 *(.rela.data.*)
 *(.rela.gnu.linkonce.d*)

.rel.ctors
 *(.rel.ctors)

.rela.ctors
 *(.rela.ctors)

.rel.dtors
 *(.rel.dtors)

.rela.dtors
 *(.rela.dtors)

.rel.got
 *(.rel.got)

.rela.got
 *(.rela.got)

.rel.bss
 *(.rel.bss)

.rela.bss
 *(.rela.bss)

.rel.plt
 *(.rel.plt)

.rela.plt
 *(.rela.plt)

.text           0x00000000     0x4032
 *(.vectors)
 .vectors       0x00000000       0x7c G:/ProgramFiles/AtmelStudio/7.0/Packs/atmel/ATmega_DFP/1.7.374/gcc/dev/atmega64m1/avr5/crtatmega64m1.o
                0x00000000                __vector_default
                0x00000000                __vectors
 *(.vectors)
 *(.progmem.gcc*)
 .progmem.gcc_sw_table.stepAsipStateMachine
                0x0000007c       0x10 source/ASIP.o
 .progmem.gcc_sw_table.__vector_18
                0x0000008c       0xfe source/CAN.o
 .progmem.gcc_sw_table.can_cmd
                0x0000018a       0x16 source/can_lib.o
                0x000001a0                . = ALIGN (0x2)
                0x000001a0                __trampolines_start = .
 *(.trampolines)
 .trampolines   0x000001a0        0x0 linker stubs
 *(.trampolines*)
                0x000001a0                __trampolines_end = .
 *libprintf_flt.a:*(.progmem.data)
 *libc.a:*(.progmem.data)
 *(.progmem*)
 .progmem.data.versionInfoArray
                0x000001a0        0x4 source/SensorModule.o
                0x000001a0                versionInfoArray
 .progmem.data.FwPartNum
                0x000001a4       0x11 source/SensorModule.o
                0x000001a4                FwPartNum
 .progmem.data.buildVersion
                0x000001b5       0x11 source/SensorModule.o
                0x000001b5                buildVersion
 .progmem.data.udpBulkTransferSeq
                0x000001c6        0x3 source/WiFiModule.o
                0x000001c6                udpBulkTransferSeq
                0x000001ca                . = ALIGN (0x2)
 *fill*         0x000001c9        0x1 
 *(.jumptables)
 *(.jumptables*)
 *(.lowtext)
 *(.lowtext*)
                0x000001ca                __ctors_start = .
 *(.ctors)
                0x000001ca                __ctors_end = .
                0x000001ca                __dtors_start = .
 *(.dtors)
                0x000001ca                __dtors_end = .
 SORT(*)(.ctors)
 SORT(*)(.dtors)
 *(.init0)
 .init0         0x000001ca        0x0 G:/ProgramFiles/AtmelStudio/7.0/Packs/atmel/ATmega_DFP/1.7.374/gcc/dev/atmega64m1/avr5/crtatmega64m1.o
                0x000001ca                __init
 *(.init0)
 *(.init1)
 *(.init1)
 *(.init2)
 .init2         0x000001ca        0xc G:/ProgramFiles/AtmelStudio/7.0/Packs/atmel/ATmega_DFP/1.7.374/gcc/dev/atmega64m1/avr5/crtatmega64m1.o
 *(.init2)
 *(.init3)
 *(.init3)
 *(.init4)
 .init4         0x000001d6       0x16 g:/programfiles/atmelstudio/7.0/toolchain/avr8/avr8-gnu-toolchain/bin/../lib/gcc/avr/5.4.0/avr5\libgcc.a(_copy_data.o)
                0x000001d6                __do_copy_data
 .init4         0x000001ec       0x10 g:/programfiles/atmelstudio/7.0/toolchain/avr8/avr8-gnu-toolchain/bin/../lib/gcc/avr/5.4.0/avr5\libgcc.a(_clear_bss.o)
                0x000001ec                __do_clear_bss
 *(.init4)
 *(.init5)
 *(.init5)
 *(.init6)
 *(.init6)
 *(.init7)
 *(.init7)
 *(.init8)
 *(.init8)
 *(.init9)
 .init9         0x000001fc        0x8 G:/ProgramFiles/AtmelStudio/7.0/Packs/atmel/ATmega_DFP/1.7.374/gcc/dev/atmega64m1/avr5/crtatmega64m1.o
 *(.init9)
 *(.text)
 .text          0x00000204        0x4 G:/ProgramFiles/AtmelStudio/7.0/Packs/atmel/ATmega_DFP/1.7.374/gcc/dev/atmega64m1/avr5/crtatmega64m1.o
                0x00000204                __vector_22
                0x00000204                __vector_28
                0x00000204                __vector_1
                0x00000204                __vector_24
                0x00000204                __bad_interrupt
                0x00000204                __vector_6
                0x00000204                __vector_3
                0x00000204                __vector_23
                0x00000204                __vector_30
                0x00000204                __vector_25
                0x00000204                __vector_11
                0x00000204                __vector_13
                0x00000204                __vector_17
                0x00000204                __vector_19
                0x00000204                __vector_7
                0x00000204                __vector_5
                0x00000204                __vector_4
                0x00000204                __vector_9
                0x00000204                __vector_2
                0x00000204                __vector_15
                0x00000204                __vector_29
                0x00000204                __vector_8
                0x00000204                __vector_26
                0x00000204                __vector_14
                0x00000204                __vector_10
                0x00000204                __vector_16
                0x00000208                . = ALIGN (0x2)
 *(.text.*)
 .text.initADC  0x00000208       0xac source/ADC.o
                0x00000208                initADC
 .text.averageADCData
                0x000002b4       0x50 source/ADC.o
                0x000002b4                averageADCData
 .text.setNextSensorRow
                0x00000304       0x5a source/ADC.o
                0x00000304                setNextSensorRow
 .text.startADCConversion
                0x0000035e      0x454 source/ADC.o
                0x0000035e                startADCConversion
 .text.__vector_27
                0x000007b2      0x152 source/ADC.o
                0x000007b2                __vector_27
 .text.getAveragedADCDataPtr
                0x00000904        0x6 source/ADC.o
                0x00000904                getAveragedADCDataPtr
 .text.startSensorCalibration
                0x0000090a        0x8 source/ADC.o
                0x0000090a                startSensorCalibration
 .text.getSensorsReadyFlag
                0x00000912        0x6 source/ADC.o
                0x00000912                getSensorsReadyFlag
 .text.clearSensorsReadyFlag
                0x00000918        0x6 source/ADC.o
                0x00000918                clearSensorsReadyFlag
 .text.getRunCalibrationFlag
                0x0000091e        0x6 source/ADC.o
                0x0000091e                getRunCalibrationFlag
 .text.getCalStatusData
                0x00000924       0x1a source/ADC.o
                0x00000924                getCalStatusData
 .text.addByteToChecksum
                0x0000093e       0x4e source/ASIP.o
 .text.transmitAddByteToChecksum
                0x0000098c       0x4e source/ASIP.o
 .text.stepAsipStateMachine
                0x000009da      0x12a source/ASIP.o
                0x000009da                stepAsipStateMachine
 .text.buildAsipTransmitMessage
                0x00000b04       0xa0 source/ASIP.o
                0x00000b04                buildAsipTransmitMessage
 .text.sendASIPSensorDataMsg
                0x00000ba4       0x72 source/ASIP.o
                0x00000ba4                sendASIPSensorDataMsg
 .text.addFlowRateMessage
                0x00000c16       0x2e source/ASIP.o
                0x00000c16                addFlowRateMessage
 .text.sendFlowRateMessages
                0x00000c44       0x2c source/ASIP.o
                0x00000c44                sendFlowRateMessages
 .text.sendFwUpdatePacketAckMessage
                0x00000c70       0x3e source/ASIP.o
                0x00000c70                sendFwUpdatePacketAckMessage
 .text.sendStartFwUpdateAckMessage
                0x00000cae       0x3a source/ASIP.o
                0x00000cae                sendStartFwUpdateAckMessage
 .text.sendStartCalAckMessage
                0x00000ce8       0x40 source/ASIP.o
                0x00000ce8                sendStartCalAckMessage
 .text.sendFwUpdatePacketNackMessage
                0x00000d28       0x44 source/ASIP.o
                0x00000d28                sendFwUpdatePacketNackMessage
 .text.sendFwUpdateCompleteAckMessage
                0x00000d6c       0x3e source/ASIP.o
                0x00000d6c                sendFwUpdateCompleteAckMessage
 .text.processValidAsipMessages
                0x00000daa      0x1d0 source/ASIP.o
                0x00000daa                processValidAsipMessages
 .text.sendBITMessage
                0x00000f7a       0x42 source/ASIP.o
                0x00000f7a                sendBITMessage
 .text.getFwDataPtr
                0x00000fbc        0x6 source/ASIP.o
                0x00000fbc                getFwDataPtr
 .text.storeDeviceInfoData
                0x00000fc2       0x34 source/ASIP.o
                0x00000fc2                storeDeviceInfoData
 .text.getRunDeviceInfoSeq
                0x00000ff6        0x6 source/ASIP.o
                0x00000ff6                getRunDeviceInfoSeq
 .text.setRunDeviceInfoSeq
                0x00000ffc        0x8 source/ASIP.o
                0x00000ffc                setRunDeviceInfoSeq
 .text.clearRunDeviceInfoSeq
                0x00001004        0x6 source/ASIP.o
                0x00001004                clearRunDeviceInfoSeq
 .text.getCalStatusAckReceivedFlag
                0x0000100a        0x6 source/ASIP.o
                0x0000100a                getCalStatusAckReceivedFlag
 .text.clearCalStatusAckReceivedFlag
                0x00001010        0x6 source/ASIP.o
                0x00001010                clearCalStatusAckReceivedFlag
 .text.transmitDeviceInfoASIP
                0x00001016       0x4a source/ASIP.o
                0x00001016                transmitDeviceInfoASIP
 .text.sendDeviceInfo
                0x00001060       0x60 source/ASIP.o
                0x00001060                sendDeviceInfo
 .text.transmitCalStatusInfoASIP
                0x000010c0       0x22 source/ASIP.o
                0x000010c0                transmitCalStatusInfoASIP
 .text.resetDeviceInfoBuffer
                0x000010e2       0x12 source/ASIP.o
                0x000010e2                resetDeviceInfoBuffer
 .text.initBitMonitor
                0x000010f4        0x6 source/BIT.o
                0x000010f4                initBitMonitor
 .text.stepBitMonitorStateMachine
                0x000010fa       0x44 source/BIT.o
                0x000010fa                stepBitMonitorStateMachine
 .text.getActiveSystemError
                0x0000113e        0xe source/BIT.o
                0x0000113e                getActiveSystemError
 .text.setLastActiveBIT
                0x0000114c        0x6 source/BIT.o
                0x0000114c                setLastActiveBIT
 .text.getLastActiveBIT
                0x00001152        0x6 source/BIT.o
                0x00001152                getLastActiveBIT
 .text.initBlockageProcessor
                0x00001158       0x28 source/BlockageProcessor.o
                0x00001158                initBlockageProcessor
 .text.readCalValues
                0x00001180       0xd0 source/BlockageProcessor.o
                0x00001180                readCalValues
 .text.applyCalibrationToData
                0x00001250       0x58 source/BlockageProcessor.o
                0x00001250                applyCalibrationToData
 .text.getMaxSensorDataIndex
                0x000012a8      0x1aa source/BlockageProcessor.o
                0x000012a8                getMaxSensorDataIndex
 .text.processBlockageData
                0x00001452       0x7c source/BlockageProcessor.o
                0x00001452                processBlockageData
 .text.getSensorOORFlag
                0x000014ce        0x6 source/BlockageProcessor.o
                0x000014ce                getSensorOORFlag
 .text.getNoMagnetRowMask
                0x000014d4        0x6 source/BlockageProcessor.o
                0x000014d4                getNoMagnetRowMask
 .text.getFlowDetectedFlag
                0x000014da        0x6 source/BlockageProcessor.o
                0x000014da                getFlowDetectedFlag
 .text.setSensorDataDisableFlag
                0x000014e0        0x2 source/BlockageProcessor.o
                0x000014e0                setSensorDataDisableFlag
 .text.clearSensorDataDisableFlag
                0x000014e2        0x2 source/BlockageProcessor.o
                0x000014e2                clearSensorDataDisableFlag
 .text.setEnableDebugFlag
                0x000014e4        0x8 source/BlockageProcessor.o
                0x000014e4                setEnableDebugFlag
 .text.clearEnableDebugFlag
                0x000014ec        0x6 source/BlockageProcessor.o
                0x000014ec                clearEnableDebugFlag
 .text.initCAN  0x000014f2       0xd8 source/CAN.o
                0x000014f2                initCAN
 .text.fillBlockageDataBuffer
                0x000015ca       0x24 source/CAN.o
                0x000015ca                fillBlockageDataBuffer
 .text.sendCANRawADC
                0x000015ee       0x96 source/CAN.o
                0x000015ee                sendCANRawADC
 .text.sendCANRawADC2
                0x00001684       0x96 source/CAN.o
                0x00001684                sendCANRawADC2
 .text.sendCANRawADC3
                0x0000171a       0x96 source/CAN.o
                0x0000171a                sendCANRawADC3
 .text.sendCANRawADC4
                0x000017b0       0x96 source/CAN.o
                0x000017b0                sendCANRawADC4
 .text.sendCANRawADC5
                0x00001846       0x96 source/CAN.o
                0x00001846                sendCANRawADC5
 .text.sendCANRawADC6
                0x000018dc       0x96 source/CAN.o
                0x000018dc                sendCANRawADC6
 .text.sendCANRawADC7
                0x00001972       0x96 source/CAN.o
                0x00001972                sendCANRawADC7
 .text.sendCalStatusMsg
                0x00001a08       0x6a source/CAN.o
                0x00001a08                sendCalStatusMsg
 .text.sendPingAllSensors
                0x00001a72       0x2a source/CAN.o
                0x00001a72                sendPingAllSensors
 .text.sendStartCalCommand
                0x00001a9c       0x2a source/CAN.o
                0x00001a9c                sendStartCalCommand
 .text.sendCANStartFwUpdateMsg
                0x00001ac6       0x4e source/CAN.o
                0x00001ac6                sendCANStartFwUpdateMsg
 .text.sendCANGetDeviceInfoBySerial
                0x00001b14       0x4e source/CAN.o
                0x00001b14                sendCANGetDeviceInfoBySerial
 .text.sendCANBitResultsMsg
                0x00001b62       0x9a source/CAN.o
                0x00001b62                sendCANBitResultsMsg
 .text.sendDeviceInfoData
                0x00001bfc       0x66 source/CAN.o
                0x00001bfc                sendDeviceInfoData
 .text.sendCANFwUpdateDataPacket
                0x00001c62       0x66 source/CAN.o
                0x00001c62                sendCANFwUpdateDataPacket
 .text.sendCANFwUpdateShortDataPacket
                0x00001cc8       0x60 source/CAN.o
                0x00001cc8                sendCANFwUpdateShortDataPacket
 .text.sendCANSensorDataDisableMsg
                0x00001d28       0x2a source/CAN.o
                0x00001d28                sendCANSensorDataDisableMsg
 .text.sendCANSensorDataEnableMsg
                0x00001d52       0x2a source/CAN.o
                0x00001d52                sendCANSensorDataEnableMsg
 .text.sendCANFwUpdateComplete
                0x00001d7c       0x2a source/CAN.o
                0x00001d7c                sendCANFwUpdateComplete
 .text.getActiveBlockageFlag
                0x00001da6        0x6 source/CAN.o
                0x00001da6                getActiveBlockageFlag
 .text.clearActiveBlockageFlag
                0x00001dac        0x6 source/CAN.o
                0x00001dac                clearActiveBlockageFlag
 .text.getActiveBlockageRows
                0x00001db2        0x6 source/CAN.o
                0x00001db2                getActiveBlockageRows
 .text.getCANDataRequestFlags
                0x00001db8        0x6 source/CAN.o
                0x00001db8                getCANDataRequestFlags
 .text.setCANDataRequestFlags
                0x00001dbe        0x6 source/CAN.o
                0x00001dbe                setCANDataRequestFlags
 .text.compareSerialNums
                0x00001dc4       0x20 source/CAN.o
                0x00001dc4                compareSerialNums
 .text.storeActiveBlockageData
                0x00001de4       0x66 source/CAN.o
                0x00001de4                storeActiveBlockageData
 .text.retransmitBlockageData
                0x00001e4a      0x1dc source/CAN.o
                0x00001e4a                retransmitBlockageData
 .text.__vector_18
                0x00002026      0x45a source/CAN.o
                0x00002026                __vector_18
 .text.getCANTrafficDetected
                0x00002480        0x6 source/CAN.o
                0x00002480                getCANTrafficDetected
 .text.resetConnectedSensors
                0x00002486        0xa source/CAN.o
                0x00002486                resetConnectedSensors
 .text.sendNextTargetedDeviceInfoReq
                0x00002490       0x50 source/CAN.o
                0x00002490                sendNextTargetedDeviceInfoReq
 .text.resendLastTargetedDeviceInfoReq
                0x000024e0       0x32 source/CAN.o
                0x000024e0                resendLastTargetedDeviceInfoReq
 .text.getConnectedSensorCount
                0x00002512        0x6 source/CAN.o
                0x00002512                getConnectedSensorCount
 .text.getCalStatusResponseCount
                0x00002518        0x6 source/CAN.o
                0x00002518                getCalStatusResponseCount
 .text.clearCalStatusResponseCount
                0x0000251e        0xc source/CAN.o
                0x0000251e                clearCalStatusResponseCount
 .text.copyCalStatusDataToTxBuffer
                0x0000252a       0x2a source/CAN.o
                0x0000252a                copyCalStatusDataToTxBuffer
 .text.sendSensorCount
                0x00002554       0x36 source/CAN.o
                0x00002554                sendSensorCount
 .text.stepEEUpdateTask
                0x0000258a       0x56 source/CAN.o
                0x0000258a                stepEEUpdateTask
 .text.can_clear_all_mob
                0x000025e0       0x20 source/can_drv.o
                0x000025e0                can_clear_all_mob
 .text.can_get_mob_free
                0x00002600       0x2c source/can_drv.o
                0x00002600                can_get_mob_free
 .text.can_get_mob_status
                0x0000262c       0x1a source/can_drv.o
                0x0000262c                can_get_mob_status
 .text.can_get_data
                0x00002646       0x32 source/can_drv.o
                0x00002646                can_get_data
 .text.can_fixed_baudrate
                0x00002678       0x1c source/can_drv.o
                0x00002678                can_fixed_baudrate
 .text.can_init
                0x00002694       0x1c source/can_lib.o
                0x00002694                can_init
 .text.can_cmd  0x000026b0      0x9e6 source/can_lib.o
                0x000026b0                can_cmd
 .text.can_get_status
                0x00003096      0x122 source/can_lib.o
                0x00003096                can_get_status
 .text.initDAC  0x000031b8       0x32 source/DAC.o
                0x000031b8                initDAC
 .text.setDAC   0x000031ea        0xe source/DAC.o
                0x000031ea                setDAC
 .text.getDAC   0x000031f8       0x10 source/DAC.o
                0x000031f8                getDAC
 .text.initLEDStateMachine
                0x00003208       0x24 source/LED.o
                0x00003208                initLEDStateMachine
 .text.turnOnAllLEDs
                0x0000322c       0x20 source/LED.o
                0x0000322c                turnOnAllLEDs
 .text.stepLEDStateMachine
                0x0000324c      0x1f8 source/LED.o
                0x0000324c                stepLEDStateMachine
 .text.turnOffAllLEDs
                0x00003444        0xa source/LED.o
                0x00003444                turnOffAllLEDs
 .text.toggleAllLEDs
                0x0000344e       0x12 source/LED.o
                0x0000344e                toggleAllLEDs
 .text.toggleRow1LED
                0x00003460        0xa source/LED.o
                0x00003460                toggleRow1LED
 .text.toggleRow2LED
                0x0000346a        0xa source/LED.o
                0x0000346a                toggleRow2LED
 .text.toggleRow3LED
                0x00003474        0xa source/LED.o
                0x00003474                toggleRow3LED
 .text.readHwPartNum
                0x0000347e       0x32 source/SensorModule.o
                0x0000347e                readHwPartNum
 .text.readHwVersion
                0x000034b0       0x32 source/SensorModule.o
                0x000034b0                readHwVersion
 .text.readFwPartNum
                0x000034e2        0x8 source/SensorModule.o
                0x000034e2                readFwPartNum
 .text.readWifiStatus
                0x000034ea        0x6 source/SensorModule.o
                0x000034ea                readWifiStatus
 .text.writeSerialNumToEeprom
                0x000034f0       0x44 source/SensorModule.o
                0x000034f0                writeSerialNumToEeprom
 .text.writeHwVersionToEeprom
                0x00003534       0x44 source/SensorModule.o
                0x00003534                writeHwVersionToEeprom
 .text.writeHwPartNumToEeprom
                0x00003578       0x82 source/SensorModule.o
                0x00003578                writeHwPartNumToEeprom
 .text.__vector_12
                0x000035fa       0x32 source/SensorModule.o
                0x000035fa                __vector_12
 .text.startup.main
                0x0000362c      0x172 source/SensorModule.o
                0x0000362c                main
 .text.getHwConfig
                0x0000379e        0x6 source/SensorModule.o
                0x0000379e                getHwConfig
 .text.getSerialNumPtr
                0x000037a4        0x6 source/SensorModule.o
                0x000037a4                getSerialNumPtr
 .text.getFwVersionPtr
                0x000037aa        0x6 source/SensorModule.o
                0x000037aa                getFwVersionPtr
 .text.jumpToBootloader
                0x000037b0       0x12 source/SensorModule.o
                0x000037b0                jumpToBootloader
 .text.checkSystemDataRequests
                0x000037c2      0x410 source/SensorModule.o
                0x000037c2                checkSystemDataRequests
 .text.appInit  0x00003bd2       0x22 source/TaskList.o
                0x00003bd2                appInit
 .text.get4HzTimer
                0x00003bf4        0x6 source/TaskList.o
                0x00003bf4                get4HzTimer
 .text.clear4HzTimer
                0x00003bfa        0x6 source/TaskList.o
                0x00003bfa                clear4HzTimer
 .text.getDevInfoTimer
                0x00003c00        0x6 source/TaskList.o
                0x00003c00                getDevInfoTimer
 .text.clearDevInfoTimer
                0x00003c06        0x6 source/TaskList.o
                0x00003c06                clearDevInfoTimer
 .text.get30SecStartupTimer
                0x00003c0c        0x6 source/TaskList.o
                0x00003c0c                get30SecStartupTimer
 .text.Run0TickTasks
                0x00003c12        0x2 source/TaskList.o
                0x00003c12                Run0TickTasks
 .text.Run1TickTasks
                0x00003c14        0x2 source/TaskList.o
                0x00003c14                Run1TickTasks
 .text.Run2TickTasks
                0x00003c16        0x2 source/TaskList.o
                0x00003c16                Run2TickTasks
 .text.Run4TickTasks
                0x00003c18        0x8 source/TaskList.o
                0x00003c18                Run4TickTasks
 .text.Run8TickTasks
                0x00003c20        0x2 source/TaskList.o
                0x00003c20                Run8TickTasks
 .text.Run16TickTasks
                0x00003c22        0x2 source/TaskList.o
                0x00003c22                Run16TickTasks
 .text.Run32TickTasks
                0x00003c24        0x4 source/TaskList.o
                0x00003c24                Run32TickTasks
 .text.Run64TickTasks
                0x00003c28        0x8 source/TaskList.o
                0x00003c28                Run64TickTasks
 .text.Run128TickTasks
                0x00003c30       0x30 source/TaskList.o
                0x00003c30                Run128TickTasks
 .text.Run256TickTasks
                0x00003c60       0x26 source/TaskList.o
                0x00003c60                Run256TickTasks
 .text.disableSensorDataTx
                0x00003c86        0x8 source/TaskList.o
                0x00003c86                disableSensorDataTx
 .text.enableSensorDataTx
                0x00003c8e        0x6 source/TaskList.o
                0x00003c8e                enableSensorDataTx
 .text.initUART
                0x00003c94       0x3c source/UART.o
                0x00003c94                initUART
 .text.getIsTxIdle
                0x00003cd0       0x20 source/UART.o
                0x00003cd0                getIsTxIdle
 .text.__vector_21
                0x00003cf0       0x64 source/UART.o
                0x00003cf0                __vector_21
 .text.__vector_20
                0x00003d54       0x9c source/UART.o
                0x00003d54                __vector_20
 .text.getUARTTxBuffEmpty
                0x00003df0       0x10 source/UART.o
                0x00003df0                getUARTTxBuffEmpty
 .text.addBytesToWifiTxBuffer
                0x00003e00       0xac source/UART.o
                0x00003e00                addBytesToWifiTxBuffer
 .text.sendWifiCommand
                0x00003eac       0x4a source/WiFiModule.o
                0x00003eac                sendWifiCommand
 .text.readAsipOutCID
                0x00003ef6        0xa source/WiFiModule.o
                0x00003ef6                readAsipOutCID
 .text.sendUdpPacket
                0x00003f00       0xc4 source/WiFiModule.o
                0x00003f00                sendUdpPacket
 .text.libgcc   0x00003fc4        0xc g:/programfiles/atmelstudio/7.0/toolchain/avr8/avr8-gnu-toolchain/bin/../lib/gcc/avr/5.4.0/avr5\libgcc.a(_tablejump2.o)
                0x00003fc4                __tablejump2__
 .text.avr-libc
                0x00003fd0       0x12 g:/programfiles/atmelstudio/7.0/toolchain/avr8/avr8-gnu-toolchain/bin/../lib/gcc/avr/5.4.0/../../../../avr/lib/avr5\libc.a(memcpy_P.o)
                0x00003fd0                memcpy_P
 .text.avr-libc
                0x00003fe2        0xe g:/programfiles/atmelstudio/7.0/toolchain/avr8/avr8-gnu-toolchain/bin/../lib/gcc/avr/5.4.0/../../../../avr/lib/avr5\libc.a(strcpy_P.o)
                0x00003fe2                strcpy_P
 .text.avr-libc
                0x00003ff0       0x12 g:/programfiles/atmelstudio/7.0/toolchain/avr8/avr8-gnu-toolchain/bin/../lib/gcc/avr/5.4.0/../../../../avr/lib/avr5\libc.a(strlen_P.o)
                0x00003ff0                __strlen_P
 .text.avr-libc
                0x00004002       0x10 G:/ProgramFiles/AtmelStudio/7.0/Packs/atmel/ATmega_DFP/1.7.374/gcc/dev/atmega64m1/avr5\libatmega64m1.a(eerd_byte.o)
                0x00004002                eeprom_read_byte
 .text.avr-libc
                0x00004012       0x1c G:/ProgramFiles/AtmelStudio/7.0/Packs/atmel/ATmega_DFP/1.7.374/gcc/dev/atmega64m1/avr5\libatmega64m1.a(eewr_byte.o)
                0x00004012                eeprom_write_byte
                0x00004014                eeprom_write_r18
                0x0000402e                . = ALIGN (0x2)
 *(.fini9)
 .fini9         0x0000402e        0x0 g:/programfiles/atmelstudio/7.0/toolchain/avr8/avr8-gnu-toolchain/bin/../lib/gcc/avr/5.4.0/avr5\libgcc.a(_exit.o)
                0x0000402e                _exit
                0x0000402e                exit
 *(.fini9)
 *(.fini8)
 *(.fini8)
 *(.fini7)
 *(.fini7)
 *(.fini6)
 *(.fini6)
 *(.fini5)
 *(.fini5)
 *(.fini4)
 *(.fini4)
 *(.fini3)
 *(.fini3)
 *(.fini2)
 *(.fini2)
 *(.fini1)
 *(.fini1)
 *(.fini0)
 .fini0         0x0000402e        0x4 g:/programfiles/atmelstudio/7.0/toolchain/avr8/avr8-gnu-toolchain/bin/../lib/gcc/avr/5.4.0/avr5\libgcc.a(_exit.o)
 *(.fini0)
                0x00004032                _etext = .

.data           0x00800100        0xc load address 0x00004032
                0x00800100                PROVIDE (__data_start, .)
 *(.data)
 *(.data*)
 .data.waitCycle.2266
                0x00800100        0x1 source/ADC.o
 .data.lastActiveBIT
                0x00800101        0x1 source/BIT.o
 .data.noMagPersistenceRow.2492
                0x00800102        0x1 source/BlockageProcessor.o
 .data.calStatusBufferIndex
                0x00800103        0x1 source/CAN.o
 *(.gnu.linkonce.d*)
 *(.rodata)
 *(.rodata*)
 .rodata.channelMuxTable
                0x00800104        0x7 source/ADC.o
 *(.gnu.linkonce.r*)
                0x0080010c                . = ALIGN (0x2)
 *fill*         0x0080010b        0x1 
                0x0080010c                _edata = .
                0x0080010c                PROVIDE (__data_end, .)

.bss            0x0080010c      0x6f9
                0x0080010c                PROVIDE (__bss_start, .)
 *(.bss)
 *(.bss*)
 .bss.calLastStep.2265
                0x0080010c        0x1 source/ADC.o
 .bss.calRetryCount.2264
                0x0080010d        0x1 source/ADC.o
 .bss.calInitDone.2267
                0x0080010e        0x1 source/ADC.o
 .bss.sensorsReadyFlag
                0x0080010f        0x1 source/ADC.o
 .bss.sensorSampleCount
                0x00800110        0x1 source/ADC.o
 .bss.calFailSensor
                0x00800111        0x1 source/ADC.o
 .bss.calFailRow
                0x00800112        0x1 source/ADC.o
 .bss.calFail   0x00800113        0x1 source/ADC.o
 .bss.calSensor
                0x00800114        0x1 source/ADC.o
 .bss.calRow    0x00800115        0x1 source/ADC.o
 .bss.runCalibrationFlag
                0x00800116        0x1 source/ADC.o
 .bss.sampleCount
                0x00800117        0x1 source/ADC.o
 .bss.activeRow
                0x00800118        0x1 source/ADC.o
 .bss.channelIndex
                0x00800119        0x1 source/ADC.o
 .bss.avgADCData
                0x0080011a       0x38 source/ADC.o
 .bss.accumulatedADCData
                0x00800152       0x38 source/ADC.o
 .bss.scFlowRateMessageCount
                0x0080018a        0x1 source/ASIP.o
 .bss.scbFlowRateTxQueue
                0x0080018b       0x90 source/ASIP.o
 .bss.calStatusDataAckReceived
                0x0080021b        0x1 source/ASIP.o
 .bss.runDeviceInfoSeq
                0x0080021c        0x1 source/ASIP.o
 .bss.nextAddress
                0x0080021d        0x4 source/ASIP.o
 .bss.deviceInfoIndex
                0x00800221        0x1 source/ASIP.o
 .bss.deviceInfoForwardingBuff
                0x00800222       0x50 source/ASIP.o
 .bss.transmitFinalChecksum2
                0x00800272        0x1 source/ASIP.o
 .bss.transmitFinalChecksum1
                0x00800273        0x1 source/ASIP.o
 .bss.transmitRunningChecksum2
                0x00800274        0x2 source/ASIP.o
 .bss.transmitRunningChecksum1
                0x00800276        0x2 source/ASIP.o
 .bss.runningCS2
                0x00800278        0x2 source/ASIP.o
 .bss.runningCS1
                0x0080027a        0x2 source/ASIP.o
 .bss.outgoingMsg
                0x0080027c        0x7 source/ASIP.o
 .bss.ASIPMessageReady
                0x00800283        0x1 source/ASIP.o
 .bss.PayloadCount
                0x00800284        0x1 source/ASIP.o
 .bss.PayloadIndex
                0x00800285        0x1 source/ASIP.o
 .bss.fwUpdateDataBuff
                0x00800286      0x100 source/ASIP.o
 .bss.Msg_CS2   0x00800386        0x1 source/ASIP.o
 .bss.Msg_CS1   0x00800387        0x1 source/ASIP.o
 .bss.Msg_Payload
                0x00800388      0x100 source/ASIP.o
 .bss.Msg_Length
                0x00800488        0x1 source/ASIP.o
 .bss.Msg_ID    0x00800489        0x1 source/ASIP.o
 .bss.Msg_Class
                0x0080048a        0x1 source/ASIP.o
 .bss.AsipSMState
                0x0080048b        0x1 source/ASIP.o
 .bss.systemErrorState
                0x0080048c        0x1 source/BIT.o
 .bss.noMagPeristence.2491
                0x0080048d        0x1 source/BlockageProcessor.o
 .bss.enableDebugSensorData
                0x0080048e        0x1 source/BlockageProcessor.o
 .bss.noMagPersistenceCount
                0x0080048f        0x4 source/BlockageProcessor.o
 .bss.runNoMagnetDetection
                0x00800493        0x1 source/BlockageProcessor.o
 .bss.noMagDetectionDone
                0x00800494        0x1 source/BlockageProcessor.o
 .bss.flowDetectedFlag
                0x00800495        0x1 source/BlockageProcessor.o
 .bss.sensorOORFlag
                0x00800496        0x1 source/BlockageProcessor.o
 .bss.noMagnetRowMask
                0x00800497        0x1 source/BlockageProcessor.o
 .bss.rowLevel  0x00800498        0x4 source/BlockageProcessor.o
 .bss.blockageStateChangeMask.2758
                0x0080049c        0x1 source/CAN.o
 .bss.calStatusBufferPtr
                0x0080049d        0x2 source/CAN.o
 .bss.calStatusResponseCount
                0x0080049f        0x1 source/CAN.o
 .bss.connectedSensorIndex
                0x008004a0        0x1 source/CAN.o
 .bss.connectedSensorCount
                0x008004a1        0x1 source/CAN.o
 .bss.connectedSensorSerialNums
                0x008004a2       0x5c source/CAN.o
 .bss.canRetryFailCount
                0x008004fe        0x1 source/CAN.o
 .bss.blockageDataBufferTail
                0x008004ff        0x1 source/CAN.o
 .bss.blockageDataBufferHead
                0x00800500        0x1 source/CAN.o
 .bss.blockageDataBuffer
                0x00800501      0x100 source/CAN.o
 .bss.serialNumPtr
                0x00800601        0x2 source/CAN.o
 .bss.activeBlockageStartTimes
                0x00800603        0x4 source/CAN.o
 .bss.CANTrafficDetected
                0x00800607        0x1 source/CAN.o
 .bss.CANDataRequestFlags
                0x00800608        0x1 source/CAN.o
 .bss.activeBlockageRows
                0x00800609        0x1 source/CAN.o
 .bss.activeBlockageFlag
                0x0080060a        0x1 source/CAN.o
 .bss.sceCANEeWriteState
                0x0080060b        0x1 source/CAN.o
 .bss.scabyCANEeBuff
                0x0080060c        0x8 source/CAN.o
 .bss.scabyCANRxBuff
                0x00800614        0x8 source/CAN.o
 .bss.txCANMsgNonBlockageBuff
                0x0080061c        0x8 source/CAN.o
 .bss.txCANMsgSensorData
                0x00800624        0x8 source/CAN.o
 .bss.scRandomCANTx
                0x0080062c        0xb source/CAN.o
 .bss.scPeriodicCANTx
                0x00800637        0xb source/CAN.o
 .bss.can_retry
                0x00800642        0x2 source/CAN.o
 .bss.timerPostStart
                0x00800644        0x1 source/LED.o
 .bss.flashCounter
                0x00800645        0x4 source/LED.o
 .bss.LEDBlinkStartTime
                0x00800649        0x1 source/LED.o
 .bss.LEDState  0x0080064a        0x1 source/LED.o
 .bss.txRetryCount.2544
                0x0080064b        0x1 source/SensorModule.o
 .bss.pingCount.2546
                0x0080064c        0x1 source/SensorModule.o
 .bss.devInfoDelayCount.2545
                0x0080064d        0x1 source/SensorModule.o
 .bss.wirelessDevInfoPending.2549
                0x0080064e        0x1 source/SensorModule.o
 .bss.lastDevInfoSent.2548
                0x0080064f        0x1 source/SensorModule.o
 .bss.devInfoTimeoutTxRetry.2551
                0x00800650        0x1 source/SensorModule.o
 .bss.devInfoTxCount.2547
                0x00800651        0x1 source/SensorModule.o
 .bss.txIndex.2542
                0x00800652        0x1 source/SensorModule.o
 .bss.txBytesRemaining.2540
                0x00800653        0x1 source/SensorModule.o
 .bss.pendingTxFlag.2538
                0x00800654        0x1 source/SensorModule.o
 .bss.txDevInfoIndex.2543
                0x00800655        0x1 source/SensorModule.o
 .bss.txDevInfoBytesRemaining.2541
                0x00800656        0x1 source/SensorModule.o
 .bss.pendingDevInfoTxFlag.2539
                0x00800657        0x1 source/SensorModule.o
 .bss.devInfoTimeoutFlag.2550
                0x00800658        0x1 source/SensorModule.o
 .bss.calStatusDataReady
                0x00800659        0x1 source/SensorModule.o
 .bss.outgoingDevInfoMsg
                0x0080065a       0x4a source/SensorModule.o
 .bss.fwVersion
                0x008006a4       0x10 source/SensorModule.o
 .bss.serialNum
                0x008006b4        0xa source/SensorModule.o
 .bss.hwConfig  0x008006be        0x1 source/SensorModule.o
 .bss.scbyTicksPending
                0x008006bf        0x1 source/SensorModule.o
 .bss.scbyCurrentTick
                0x008006c0        0x1 source/SensorModule.o
 .bss.blockSensorDataTx
                0x008006c1        0x1 source/TaskList.o
 .bss.thirtySecStartupTimer
                0x008006c2        0x1 source/TaskList.o
 .bss.DevInfoTimer
                0x008006c3        0x1 source/TaskList.o
 .bss.FourHzTimer
                0x008006c4        0x1 source/TaskList.o
 .bss.scfTX_Active
                0x008006c5        0x1 source/UART.o
 .bss.wifiTxBufferTail
                0x008006c6        0x1 source/UART.o
 .bss.wifiTxBufferHead
                0x008006c7        0x1 source/UART.o
 .bss.wifiTxBuffer
                0x008006c8       0xc8 source/UART.o
 .bss.asipCID   0x00800790        0x1 source/WiFiModule.o
 *(COMMON)
 COMMON         0x00800791       0x74 source/BlockageProcessor.o
                0x00800791                sensorBaseline
                0x008007c9                nullCount
                0x008007cd                sensorCalVals
                0x00800805                PROVIDE (__bss_end, .)
                0x00004032                __data_load_start = LOADADDR (.data)
                0x0000403e                __data_load_end = (__data_load_start + SIZEOF (.data))

.noinit         0x00800805        0x0
                [!provide]                PROVIDE (__noinit_start, .)
 *(.noinit*)
                [!provide]                PROVIDE (__noinit_end, .)
                0x00800805                _end = .
                [!provide]                PROVIDE (__heap_start, .)

.eeprom         0x00810000        0x0
 *(.eeprom*)
                0x00810000                __eeprom_end = .

.fuse
 *(.fuse)
 *(.lfuse)
 *(.hfuse)
 *(.efuse)

.lock
 *(.lock*)

.signature
 *(.signature*)

.user_signatures
 *(.user_signatures*)

.stab
 *(.stab)

.stabstr
 *(.stabstr)

.stab.excl
 *(.stab.excl)

.stab.exclstr
 *(.stab.exclstr)

.stab.index
 *(.stab.index)

.stab.indexstr
 *(.stab.indexstr)

.comment        0x00000000       0x30
 *(.comment)
 .comment       0x00000000       0x30 source/ADC.o
                                 0x31 (size before relaxing)
 .comment       0x00000030       0x31 source/ASIP.o
 .comment       0x00000030       0x31 source/BIT.o
 .comment       0x00000030       0x31 source/BlockageProcessor.o
 .comment       0x00000030       0x31 source/CAN.o
 .comment       0x00000030       0x31 source/can_drv.o
 .comment       0x00000030       0x31 source/can_lib.o
 .comment       0x00000030       0x31 source/DAC.o
 .comment       0x00000030       0x31 source/LED.o
 .comment       0x00000030       0x31 source/SensorModule.o
 .comment       0x00000030       0x31 source/TaskList.o
 .comment       0x00000030       0x31 source/UART.o
 .comment       0x00000030       0x31 source/WiFiModule.o

.note.gnu.avr.deviceinfo
                0x00000000       0x40
 .note.gnu.avr.deviceinfo
                0x00000000       0x40 G:/ProgramFiles/AtmelStudio/7.0/Packs/atmel/ATmega_DFP/1.7.374/gcc/dev/atmega64m1/avr5/crtatmega64m1.o

.note.gnu.build-id
 *(.note.gnu.build-id)

.debug
 *(.debug)

.line
 *(.line)

.debug_srcinfo
 *(.debug_srcinfo)

.debug_sfnames
 *(.debug_sfnames)

.debug_aranges  0x00000000      0x708
 *(.debug_aranges)
 .debug_aranges
                0x00000000       0xa0 source/ADC.o
 .debug_aranges
                0x000000a0      0x118 source/ASIP.o
 .debug_aranges
                0x000001b8       0x40 source/BIT.o
 .debug_aranges
                0x000001f8       0x80 source/BlockageProcessor.o
 .debug_aranges
                0x00000278      0x188 source/CAN.o
 .debug_aranges
                0x00000400       0x40 source/can_drv.o
 .debug_aranges
                0x00000440       0x30 source/can_lib.o
 .debug_aranges
                0x00000470       0x30 source/DAC.o
 .debug_aranges
                0x000004a0       0x80 source/LED.o
 .debug_aranges
                0x00000520       0x88 source/SensorModule.o
 .debug_aranges
                0x000005a8       0x88 source/TaskList.o
 .debug_aranges
                0x00000630       0x58 source/UART.o
 .debug_aranges
                0x00000688       0x40 source/WiFiModule.o
 .debug_aranges
                0x000006c8       0x20 G:/ProgramFiles/AtmelStudio/7.0/Packs/atmel/ATmega_DFP/1.7.374/gcc/dev/atmega64m1/avr5\libatmega64m1.a(eerd_byte.o)
 .debug_aranges
                0x000006e8       0x20 G:/ProgramFiles/AtmelStudio/7.0/Packs/atmel/ATmega_DFP/1.7.374/gcc/dev/atmega64m1/avr5\libatmega64m1.a(eewr_byte.o)

.debug_pubnames
 *(.debug_pubnames)

.debug_info     0x00000000     0x6e2e
 *(.debug_info .gnu.linkonce.wi.*)
 .debug_info    0x00000000      0xa40 G:/ProgramFiles/AtmelStudio/7.0/Packs/atmel/ATmega_DFP/1.7.374/gcc/dev/atmega64m1/avr5/crtatmega64m1.o
 .debug_info    0x00000a40      0x8d9 source/ADC.o
 .debug_info    0x00001319     0x115a source/ASIP.o
 .debug_info    0x00002473      0x1fd source/BIT.o
 .debug_info    0x00002670      0x5df source/BlockageProcessor.o
 .debug_info    0x00002c4f     0x1a23 source/CAN.o
 .debug_info    0x00004672      0x1cd source/can_drv.o
 .debug_info    0x0000483f      0x39c source/can_lib.o
 .debug_info    0x00004bdb      0x152 source/DAC.o
 .debug_info    0x00004d2d      0x4d1 source/LED.o
 .debug_info    0x000051fe      0xf10 source/SensorModule.o
 .debug_info    0x0000610e      0x42c source/TaskList.o
 .debug_info    0x0000653a      0x2a9 source/UART.o
 .debug_info    0x000067e3      0x517 source/WiFiModule.o
 .debug_info    0x00006cfa       0x9a G:/ProgramFiles/AtmelStudio/7.0/Packs/atmel/ATmega_DFP/1.7.374/gcc/dev/atmega64m1/avr5\libatmega64m1.a(eerd_byte.o)
 .debug_info    0x00006d94       0x9a G:/ProgramFiles/AtmelStudio/7.0/Packs/atmel/ATmega_DFP/1.7.374/gcc/dev/atmega64m1/avr5\libatmega64m1.a(eewr_byte.o)

.debug_abbrev   0x00000000     0x2258
 *(.debug_abbrev)
 .debug_abbrev  0x00000000      0x9b2 G:/ProgramFiles/AtmelStudio/7.0/Packs/atmel/ATmega_DFP/1.7.374/gcc/dev/atmega64m1/avr5/crtatmega64m1.o
 .debug_abbrev  0x000009b2      0x2ed source/ADC.o
 .debug_abbrev  0x00000c9f      0x330 source/ASIP.o
 .debug_abbrev  0x00000fcf       0xfc source/BIT.o
 .debug_abbrev  0x000010cb      0x17f source/BlockageProcessor.o
 .debug_abbrev  0x0000124a      0x3ec source/CAN.o
 .debug_abbrev  0x00001636       0xeb source/can_drv.o
 .debug_abbrev  0x00001721      0x1b3 source/can_lib.o
 .debug_abbrev  0x000018d4       0xe0 source/DAC.o
 .debug_abbrev  0x000019b4      0x17b source/LED.o
 .debug_abbrev  0x00001b2f      0x30e source/SensorModule.o
 .debug_abbrev  0x00001e3d      0x112 source/TaskList.o
 .debug_abbrev  0x00001f4f      0x1a7 source/UART.o
 .debug_abbrev  0x000020f6      0x13a source/WiFiModule.o
 .debug_abbrev  0x00002230       0x14 G:/ProgramFiles/AtmelStudio/7.0/Packs/atmel/ATmega_DFP/1.7.374/gcc/dev/atmega64m1/avr5\libatmega64m1.a(eerd_byte.o)
 .debug_abbrev  0x00002244       0x14 G:/ProgramFiles/AtmelStudio/7.0/Packs/atmel/ATmega_DFP/1.7.374/gcc/dev/atmega64m1/avr5\libatmega64m1.a(eewr_byte.o)

.debug_line     0x00000000     0x4bc4
 *(.debug_line .debug_line.* .debug_line_end)
 .debug_line    0x00000000      0x151 G:/ProgramFiles/AtmelStudio/7.0/Packs/atmel/ATmega_DFP/1.7.374/gcc/dev/atmega64m1/avr5/crtatmega64m1.o
 .debug_line    0x00000151      0x791 source/ADC.o
 .debug_line    0x000008e2      0xa1e source/ASIP.o
 .debug_line    0x00001300      0x147 source/BIT.o
 .debug_line    0x00001447      0x4be source/BlockageProcessor.o
 .debug_line    0x00001905     0x13ea source/CAN.o
 .debug_line    0x00002cef      0x1b9 source/can_drv.o
 .debug_line    0x00002ea8      0x470 source/can_lib.o
 .debug_line    0x00003318      0x119 source/DAC.o
 .debug_line    0x00003431      0x4ac source/LED.o
 .debug_line    0x000038dd      0x94f source/SensorModule.o
 .debug_line    0x0000422c      0x2d2 source/TaskList.o
 .debug_line    0x000044fe      0x2da source/UART.o
 .debug_line    0x000047d8      0x2d4 source/WiFiModule.o
 .debug_line    0x00004aac       0x7a G:/ProgramFiles/AtmelStudio/7.0/Packs/atmel/ATmega_DFP/1.7.374/gcc/dev/atmega64m1/avr5\libatmega64m1.a(eerd_byte.o)
 .debug_line    0x00004b26       0x9e G:/ProgramFiles/AtmelStudio/7.0/Packs/atmel/ATmega_DFP/1.7.374/gcc/dev/atmega64m1/avr5\libatmega64m1.a(eewr_byte.o)

.debug_frame    0x00000000     0x1114
 *(.debug_frame)
 .debug_frame   0x00000000      0x17c source/ADC.o
 .debug_frame   0x0000017c      0x2dc source/ASIP.o
 .debug_frame   0x00000458       0x64 source/BIT.o
 .debug_frame   0x000004bc      0x12c source/BlockageProcessor.o
 .debug_frame   0x000005e8      0x45c source/CAN.o
 .debug_frame   0x00000a44       0x64 source/can_drv.o
 .debug_frame   0x00000aa8       0x70 source/can_lib.o
 .debug_frame   0x00000b18       0x44 source/DAC.o
 .debug_frame   0x00000b5c       0xf4 source/LED.o
 .debug_frame   0x00000c50      0x1a4 source/SensorModule.o
 .debug_frame   0x00000df4      0x134 source/TaskList.o
 .debug_frame   0x00000f28      0x124 source/UART.o
 .debug_frame   0x0000104c       0xc8 source/WiFiModule.o

.debug_str      0x00000000     0x29a5
 *(.debug_str)
 .debug_str     0x00000000      0x3d0 G:/ProgramFiles/AtmelStudio/7.0/Packs/atmel/ATmega_DFP/1.7.374/gcc/dev/atmega64m1/avr5/crtatmega64m1.o
 .debug_str     0x000003d0      0x581 source/ADC.o
                                0x5c6 (size before relaxing)
 .debug_str     0x00000951      0x8a4 source/ASIP.o
                                0xaf4 (size before relaxing)
 .debug_str     0x000011f5      0x15d source/BIT.o
                                0x336 (size before relaxing)
 .debug_str     0x00001352      0x29e source/BlockageProcessor.o
                                0x50c (size before relaxing)
 .debug_str     0x000015f0      0xb3c source/CAN.o
                               0x1056 (size before relaxing)
 .debug_str     0x0000212c       0xb1 source/can_drv.o
                                0x29d (size before relaxing)
 .debug_str     0x000021dd       0x39 source/can_lib.o
                                0x383 (size before relaxing)
 .debug_str     0x00002216       0x2d source/DAC.o
                                0x221 (size before relaxing)
 .debug_str     0x00002243      0x163 source/LED.o
                                0x428 (size before relaxing)
 .debug_str     0x000023a6      0x3c7 source/SensorModule.o
                                0x9b1 (size before relaxing)
 .debug_str     0x0000276d       0x58 source/TaskList.o
                                0x4ab (size before relaxing)
 .debug_str     0x000027c5       0xcd source/UART.o
                                0x315 (size before relaxing)
 .debug_str     0x00002892      0x113 source/WiFiModule.o
                                0x3af (size before relaxing)

.debug_loc      0x00000000     0x3c66
 *(.debug_loc)
 .debug_loc     0x00000000      0x438 source/ADC.o
 .debug_loc     0x00000438      0x95e source/ASIP.o
 .debug_loc     0x00000d96      0x320 source/BlockageProcessor.o
 .debug_loc     0x000010b6     0x17fa source/CAN.o
 .debug_loc     0x000028b0       0xee source/can_drv.o
 .debug_loc     0x0000299e      0x2a8 source/can_lib.o
 .debug_loc     0x00002c46       0x7a source/DAC.o
 .debug_loc     0x00002cc0      0x150 source/LED.o
 .debug_loc     0x00002e10      0x782 source/SensorModule.o
 .debug_loc     0x00003592      0x33e source/UART.o
 .debug_loc     0x000038d0      0x396 source/WiFiModule.o

.debug_macinfo
 *(.debug_macinfo)

.debug_weaknames
 *(.debug_weaknames)

.debug_funcnames
 *(.debug_funcnames)

.debug_typenames
 *(.debug_typenames)

.debug_varnames
 *(.debug_varnames)

.debug_pubtypes
 *(.debug_pubtypes)

.debug_ranges   0x00000000      0x6d0
 *(.debug_ranges)
 .debug_ranges  0x00000000       0xc8 source/ADC.o
 .debug_ranges  0x000000c8      0x108 source/ASIP.o
 .debug_ranges  0x000001d0       0x30 source/BIT.o
 .debug_ranges  0x00000200       0x70 source/BlockageProcessor.o
 .debug_ranges  0x00000270      0x1e0 source/CAN.o
 .debug_ranges  0x00000450       0x30 source/can_drv.o
 .debug_ranges  0x00000480       0x20 source/can_lib.o
 .debug_ranges  0x000004a0       0x20 source/DAC.o
 .debug_ranges  0x000004c0       0x70 source/LED.o
 .debug_ranges  0x00000530       0x90 source/SensorModule.o
 .debug_ranges  0x000005c0       0x78 source/TaskList.o
 .debug_ranges  0x00000638       0x68 source/UART.o
 .debug_ranges  0x000006a0       0x30 source/WiFiModule.o

.debug_macro
 *(.debug_macro)
OUTPUT(SensorModuleApp64M1_6_1.elf elf32-avr)
LOAD linker stubs
