Archive member included to satisfy reference by file (symbol)

g:/programfiles/atmelstudio/7.0/toolchain/avr8/avr8-gnu-toolchain/bin/../lib/gcc/avr/5.4.0/avr5\libgcc.a(_exit.o)
                              G:/ProgramFiles/AtmelStudio/7.0/Packs/atmel/ATmega_DFP/1.7.374/gcc/dev/atmega16m1/avr5/crtatmega16m1.o (exit)
g:/programfiles/atmelstudio/7.0/toolchain/avr8/avr8-gnu-toolchain/bin/../lib/gcc/avr/5.4.0/avr5\libgcc.a(_clear_bss.o)
                              source/SensorModuleBoot.o (__do_clear_bss)
g:/programfiles/atmelstudio/7.0/toolchain/avr8/avr8-gnu-toolchain/bin/../lib/gcc/avr/5.4.0/../../../../avr/lib/avr5\libc.a(strcpy_P.o)
                              source/SensorModuleBoot.o (strcpy_P)
G:/ProgramFiles/AtmelStudio/7.0/Packs/atmel/ATmega_DFP/1.7.374/gcc/dev/atmega16m1/avr5\libatmega16m1.a(eerd_byte.o)
                              source/SensorModuleBoot.o (eeprom_read_byte)
G:/ProgramFiles/AtmelStudio/7.0/Packs/atmel/ATmega_DFP/1.7.374/gcc/dev/atmega16m1/avr5\libatmega16m1.a(eewr_byte.o)
                              source/SensorModuleBoot.o (eeprom_write_byte)

Allocating common symbols
Common symbol       size              file

abyCANTxBuff        0x8               source/SensorModuleBoot.o
gdwTickCount        0x4               source/SensorModuleBoot.o
abyCANRxBuff        0x8               source/SensorModuleBoot.o

Discarded input sections

 .data          0x00000000        0x0 G:/ProgramFiles/AtmelStudio/7.0/Packs/atmel/ATmega_DFP/1.7.374/gcc/dev/atmega16m1/avr5/crtatmega16m1.o
 .bss           0x00000000        0x0 G:/ProgramFiles/AtmelStudio/7.0/Packs/atmel/ATmega_DFP/1.7.374/gcc/dev/atmega16m1/avr5/crtatmega16m1.o
 .text          0x00000000        0x0 source/can_drv.o
 .data          0x00000000        0x0 source/can_drv.o
 .bss           0x00000000        0x0 source/can_drv.o
 .text          0x00000000        0x0 source/can_lib.o
 .data          0x00000000        0x0 source/can_lib.o
 .bss           0x00000000        0x0 source/can_lib.o
 .text          0x00000000        0x0 source/ELF_Data.o
 .data          0x00000000        0x0 source/ELF_Data.o
 .bss           0x00000000        0x0 source/ELF_Data.o
 .text          0x00000000        0x0 source/SensorModuleBoot.o
 .data          0x00000000        0x0 source/SensorModuleBoot.o
 .bss           0x00000000        0x0 source/SensorModuleBoot.o
 .text          0x00000000        0x0 g:/programfiles/atmelstudio/7.0/toolchain/avr8/avr8-gnu-toolchain/bin/../lib/gcc/avr/5.4.0/avr5\libgcc.a(_exit.o)
 .data          0x00000000        0x0 g:/programfiles/atmelstudio/7.0/toolchain/avr8/avr8-gnu-toolchain/bin/../lib/gcc/avr/5.4.0/avr5\libgcc.a(_exit.o)
 .bss           0x00000000        0x0 g:/programfiles/atmelstudio/7.0/toolchain/avr8/avr8-gnu-toolchain/bin/../lib/gcc/avr/5.4.0/avr5\libgcc.a(_exit.o)
 .text.libgcc.mul
                0x00000000        0x0 g:/programfiles/atmelstudio/7.0/toolchain/avr8/avr8-gnu-toolchain/bin/../lib/gcc/avr/5.4.0/avr5\libgcc.a(_exit.o)
 .text.libgcc.div
                0x00000000        0x0 g:/programfiles/atmelstudio/7.0/toolchain/avr8/avr8-gnu-toolchain/bin/../lib/gcc/avr/5.4.0/avr5\libgcc.a(_exit.o)
 .text.libgcc   0x00000000        0x0 g:/programfiles/atmelstudio/7.0/toolchain/avr8/avr8-gnu-toolchain/bin/../lib/gcc/avr/5.4.0/avr5\libgcc.a(_exit.o)
 .text.libgcc.prologue
                0x00000000        0x0 g:/programfiles/atmelstudio/7.0/toolchain/avr8/avr8-gnu-toolchain/bin/../lib/gcc/avr/5.4.0/avr5\libgcc.a(_exit.o)
 .text.libgcc.builtins
                0x00000000        0x0 g:/programfiles/atmelstudio/7.0/toolchain/avr8/avr8-gnu-toolchain/bin/../lib/gcc/avr/5.4.0/avr5\libgcc.a(_exit.o)
 .text.libgcc.fmul
                0x00000000        0x0 g:/programfiles/atmelstudio/7.0/toolchain/avr8/avr8-gnu-toolchain/bin/../lib/gcc/avr/5.4.0/avr5\libgcc.a(_exit.o)
 .text.libgcc.fixed
                0x00000000        0x0 g:/programfiles/atmelstudio/7.0/toolchain/avr8/avr8-gnu-toolchain/bin/../lib/gcc/avr/5.4.0/avr5\libgcc.a(_exit.o)
 .text          0x00000000        0x0 g:/programfiles/atmelstudio/7.0/toolchain/avr8/avr8-gnu-toolchain/bin/../lib/gcc/avr/5.4.0/avr5\libgcc.a(_clear_bss.o)
 .data          0x00000000        0x0 g:/programfiles/atmelstudio/7.0/toolchain/avr8/avr8-gnu-toolchain/bin/../lib/gcc/avr/5.4.0/avr5\libgcc.a(_clear_bss.o)
 .bss           0x00000000        0x0 g:/programfiles/atmelstudio/7.0/toolchain/avr8/avr8-gnu-toolchain/bin/../lib/gcc/avr/5.4.0/avr5\libgcc.a(_clear_bss.o)
 .text.libgcc.mul
                0x00000000        0x0 g:/programfiles/atmelstudio/7.0/toolchain/avr8/avr8-gnu-toolchain/bin/../lib/gcc/avr/5.4.0/avr5\libgcc.a(_clear_bss.o)
 .text.libgcc.div
                0x00000000        0x0 g:/programfiles/atmelstudio/7.0/toolchain/avr8/avr8-gnu-toolchain/bin/../lib/gcc/avr/5.4.0/avr5\libgcc.a(_clear_bss.o)
 .text.libgcc   0x00000000        0x0 g:/programfiles/atmelstudio/7.0/toolchain/avr8/avr8-gnu-toolchain/bin/../lib/gcc/avr/5.4.0/avr5\libgcc.a(_clear_bss.o)
 .text.libgcc.prologue
                0x00000000        0x0 g:/programfiles/atmelstudio/7.0/toolchain/avr8/avr8-gnu-toolchain/bin/../lib/gcc/avr/5.4.0/avr5\libgcc.a(_clear_bss.o)
 .text.libgcc.builtins
                0x00000000        0x0 g:/programfiles/atmelstudio/7.0/toolchain/avr8/avr8-gnu-toolchain/bin/../lib/gcc/avr/5.4.0/avr5\libgcc.a(_clear_bss.o)
 .text.libgcc.fmul
                0x00000000        0x0 g:/programfiles/atmelstudio/7.0/toolchain/avr8/avr8-gnu-toolchain/bin/../lib/gcc/avr/5.4.0/avr5\libgcc.a(_clear_bss.o)
 .text.libgcc.fixed
                0x00000000        0x0 g:/programfiles/atmelstudio/7.0/toolchain/avr8/avr8-gnu-toolchain/bin/../lib/gcc/avr/5.4.0/avr5\libgcc.a(_clear_bss.o)
 .text          0x00000000        0x0 g:/programfiles/atmelstudio/7.0/toolchain/avr8/avr8-gnu-toolchain/bin/../lib/gcc/avr/5.4.0/../../../../avr/lib/avr5\libc.a(strcpy_P.o)
 .data          0x00000000        0x0 g:/programfiles/atmelstudio/7.0/toolchain/avr8/avr8-gnu-toolchain/bin/../lib/gcc/avr/5.4.0/../../../../avr/lib/avr5\libc.a(strcpy_P.o)
 .bss           0x00000000        0x0 g:/programfiles/atmelstudio/7.0/toolchain/avr8/avr8-gnu-toolchain/bin/../lib/gcc/avr/5.4.0/../../../../avr/lib/avr5\libc.a(strcpy_P.o)
 .text          0x00000000        0x0 G:/ProgramFiles/AtmelStudio/7.0/Packs/atmel/ATmega_DFP/1.7.374/gcc/dev/atmega16m1/avr5\libatmega16m1.a(eerd_byte.o)
 .data          0x00000000        0x0 G:/ProgramFiles/AtmelStudio/7.0/Packs/atmel/ATmega_DFP/1.7.374/gcc/dev/atmega16m1/avr5\libatmega16m1.a(eerd_byte.o)
 .bss           0x00000000        0x0 G:/ProgramFiles/AtmelStudio/7.0/Packs/atmel/ATmega_DFP/1.7.374/gcc/dev/atmega16m1/avr5\libatmega16m1.a(eerd_byte.o)
 .text          0x00000000        0x0 G:/ProgramFiles/AtmelStudio/7.0/Packs/atmel/ATmega_DFP/1.7.374/gcc/dev/atmega16m1/avr5\libatmega16m1.a(eewr_byte.o)
 .data          0x00000000        0x0 G:/ProgramFiles/AtmelStudio/7.0/Packs/atmel/ATmega_DFP/1.7.374/gcc/dev/atmega16m1/avr5\libatmega16m1.a(eewr_byte.o)
 .bss           0x00000000        0x0 G:/ProgramFiles/AtmelStudio/7.0/Packs/atmel/ATmega_DFP/1.7.374/gcc/dev/atmega16m1/avr5\libatmega16m1.a(eewr_byte.o)

Memory Configuration

Name             Origin             Length             Attributes
text             0x00000000         0x00004000         xr
data             0x00800100         0x00000400         rw !x
eeprom           0x00810000         0x00000200         rw !x
fuse             0x00820000         0x00000003         rw !x
lock             0x00830000         0x00000400         rw !x
signature        0x00840000         0x00000400         rw !x
user_signatures  0x00850000         0x00000400         rw !x
*default*        0x00000000         0xffffffff

Linker script and memory map

Address of section .data set to 0x800100
LOAD G:/ProgramFiles/AtmelStudio/7.0/Packs/atmel/ATmega_DFP/1.7.374/gcc/dev/atmega16m1/avr5/crtatmega16m1.o
LOAD source/can_drv.o
LOAD source/can_lib.o
LOAD source/ELF_Data.o
LOAD source/SensorModuleBoot.o
START GROUP
LOAD g:/programfiles/atmelstudio/7.0/toolchain/avr8/avr8-gnu-toolchain/bin/../lib/gcc/avr/5.4.0/../../../../avr/lib/avr5\libm.a
END GROUP
Address of section .text set to 0x3000
START GROUP
LOAD g:/programfiles/atmelstudio/7.0/toolchain/avr8/avr8-gnu-toolchain/bin/../lib/gcc/avr/5.4.0/avr5\libgcc.a
LOAD g:/programfiles/atmelstudio/7.0/toolchain/avr8/avr8-gnu-toolchain/bin/../lib/gcc/avr/5.4.0/../../../../avr/lib/avr5\libm.a
LOAD g:/programfiles/atmelstudio/7.0/toolchain/avr8/avr8-gnu-toolchain/bin/../lib/gcc/avr/5.4.0/../../../../avr/lib/avr5\libc.a
LOAD G:/ProgramFiles/AtmelStudio/7.0/Packs/atmel/ATmega_DFP/1.7.374/gcc/dev/atmega16m1/avr5\libatmega16m1.a
END GROUP
                0x00000000                __TEXT_REGION_ORIGIN__ = DEFINED (__TEXT_REGION_ORIGIN__)?__TEXT_REGION_ORIGIN__:0x0
                [0x00800100]                __DATA_REGION_ORIGIN__ = DEFINED (__DATA_REGION_ORIGIN__)?__DATA_REGION_ORIGIN__:0x800060
                [0x00004000]                __TEXT_REGION_LENGTH__ = DEFINED (__TEXT_REGION_LENGTH__)?__TEXT_REGION_LENGTH__:0x20000
                [0x00000400]                __DATA_REGION_LENGTH__ = DEFINED (__DATA_REGION_LENGTH__)?__DATA_REGION_LENGTH__:0xffa0
                [0x00000200]                __EEPROM_REGION_LENGTH__ = DEFINED (__EEPROM_REGION_LENGTH__)?__EEPROM_REGION_LENGTH__:0x10000
                [0x00000003]                __FUSE_REGION_LENGTH__ = DEFINED (__FUSE_REGION_LENGTH__)?__FUSE_REGION_LENGTH__:0x400
                0x00000400                __LOCK_REGION_LENGTH__ = DEFINED (__LOCK_REGION_LENGTH__)?__LOCK_REGION_LENGTH__:0x400
                0x00000400                __SIGNATURE_REGION_LENGTH__ = DEFINED (__SIGNATURE_REGION_LENGTH__)?__SIGNATURE_REGION_LENGTH__:0x400
                0x00000400                __USER_SIGNATURE_REGION_LENGTH__ = DEFINED (__USER_SIGNATURE_REGION_LENGTH__)?__USER_SIGNATURE_REGION_LENGTH__:0x400

.hash
 *(.hash)

.dynsym
 *(.dynsym)

.dynstr
 *(.dynstr)

.gnu.version
 *(.gnu.version)

.gnu.version_d
 *(.gnu.version_d)

.gnu.version_r
 *(.gnu.version_r)

.rel.init
 *(.rel.init)

.rela.init
 *(.rela.init)

.rel.text
 *(.rel.text)
 *(.rel.text.*)
 *(.rel.gnu.linkonce.t*)

.rela.text
 *(.rela.text)
 *(.rela.text.*)
 *(.rela.gnu.linkonce.t*)

.rel.fini
 *(.rel.fini)

.rela.fini
 *(.rela.fini)

.rel.rodata
 *(.rel.rodata)
 *(.rel.rodata.*)
 *(.rel.gnu.linkonce.r*)

.rela.rodata
 *(.rela.rodata)
 *(.rela.rodata.*)
 *(.rela.gnu.linkonce.r*)

.rel.data
 *(.rel.data)
 *(.rel.data.*)
 *(.rel.gnu.linkonce.d*)

.rela.data
 *(.rela.data)
 *(.rela.data.*)
 *(.rela.gnu.linkonce.d*)

.rel.ctors
 *(.rel.ctors)

.rela.ctors
 *(.rela.ctors)

.rel.dtors
 *(.rel.dtors)

.rela.dtors
 *(.rela.dtors)

.rel.got
 *(.rel.got)

.rela.got
 *(.rela.got)

.rel.bss
 *(.rel.bss)

.rela.bss
 *(.rela.bss)

.rel.plt
 *(.rel.plt)

.rela.plt
 *(.rela.plt)

.text           0x00003000      0xf50
 *(.vectors)
 .vectors       0x00003000       0x7c G:/ProgramFiles/AtmelStudio/7.0/Packs/atmel/ATmega_DFP/1.7.374/gcc/dev/atmega16m1/avr5/crtatmega16m1.o
                0x00003000                __vector_default
                0x00003000                __vectors
 *(.vectors)
 *(.progmem.gcc*)
                0x0000307c                . = ALIGN (0x2)
                0x0000307c                __trampolines_start = .
 *(.trampolines)
 .trampolines   0x0000307c        0x0 linker stubs
 *(.trampolines*)
                0x0000307c                __trampolines_end = .
 *libprintf_flt.a:*(.progmem.data)
 *libc.a:*(.progmem.data)
 *(.progmem*)
 .progmem.data.FwVersion
                0x0000307c        0x9 source/SensorModuleBoot.o
                0x0000307c                FwVersion
 .progmem.data.FwPartNum
                0x00003085       0x11 source/SensorModuleBoot.o
                0x00003085                FwPartNum
                0x00003096                . = ALIGN (0x2)
 *(.jumptables)
 *(.jumptables*)
 *(.lowtext)
 *(.lowtext*)
                0x00003096                __ctors_start = .
 *(.ctors)
                0x00003096                __ctors_end = .
                0x00003096                __dtors_start = .
 *(.dtors)
                0x00003096                __dtors_end = .
 SORT(*)(.ctors)
 SORT(*)(.dtors)
 *(.init0)
 .init0         0x00003096        0x0 G:/ProgramFiles/AtmelStudio/7.0/Packs/atmel/ATmega_DFP/1.7.374/gcc/dev/atmega16m1/avr5/crtatmega16m1.o
                0x00003096                __init
 *(.init0)
 *(.init1)
 *(.init1)
 *(.init2)
 .init2         0x00003096        0xc G:/ProgramFiles/AtmelStudio/7.0/Packs/atmel/ATmega_DFP/1.7.374/gcc/dev/atmega16m1/avr5/crtatmega16m1.o
 *(.init2)
 *(.init3)
 *(.init3)
 *(.init4)
 .init4         0x000030a2       0x10 g:/programfiles/atmelstudio/7.0/toolchain/avr8/avr8-gnu-toolchain/bin/../lib/gcc/avr/5.4.0/avr5\libgcc.a(_clear_bss.o)
                0x000030a2                __do_clear_bss
 *(.init4)
 *(.init5)
 *(.init5)
 *(.init6)
 *(.init6)
 *(.init7)
 *(.init7)
 *(.init8)
 *(.init8)
 *(.init9)
 .init9         0x000030b2        0x8 G:/ProgramFiles/AtmelStudio/7.0/Packs/atmel/ATmega_DFP/1.7.374/gcc/dev/atmega16m1/avr5/crtatmega16m1.o
 *(.init9)
 *(.text)
 .text          0x000030ba        0x4 G:/ProgramFiles/AtmelStudio/7.0/Packs/atmel/ATmega_DFP/1.7.374/gcc/dev/atmega16m1/avr5/crtatmega16m1.o
                0x000030ba                __vector_22
                0x000030ba                __vector_28
                0x000030ba                __vector_1
                0x000030ba                __vector_24
                0x000030ba                __bad_interrupt
                0x000030ba                __vector_6
                0x000030ba                __vector_3
                0x000030ba                __vector_23
                0x000030ba                __vector_30
                0x000030ba                __vector_25
                0x000030ba                __vector_11
                0x000030ba                __vector_13
                0x000030ba                __vector_17
                0x000030ba                __vector_19
                0x000030ba                __vector_7
                0x000030ba                __vector_27
                0x000030ba                __vector_5
                0x000030ba                __vector_4
                0x000030ba                __vector_9
                0x000030ba                __vector_2
                0x000030ba                __vector_21
                0x000030ba                __vector_15
                0x000030ba                __vector_29
                0x000030ba                __vector_8
                0x000030ba                __vector_26
                0x000030ba                __vector_14
                0x000030ba                __vector_10
                0x000030ba                __vector_16
                0x000030ba                __vector_20
                0x000030be                . = ALIGN (0x2)
 *(.text.*)
 .text.can_clear_all_mob
                0x000030be       0x20 source/can_drv.o
                0x000030be                can_clear_all_mob
 .text.can_get_mob_free
                0x000030de       0x2c source/can_drv.o
                0x000030de                can_get_mob_free
 .text.can_get_mob_status
                0x0000310a       0x1a source/can_drv.o
                0x0000310a                can_get_mob_status
 .text.can_get_data
                0x00003124       0x28 source/can_drv.o
                0x00003124                can_get_data
 .text.can_fixed_baudrate
                0x0000314c       0x1c source/can_drv.o
                0x0000314c                can_fixed_baudrate
 .text.can_init
                0x00003168       0x1a source/can_lib.o
                0x00003168                can_init
 .text.can_cmd  0x00003182      0x118 source/can_lib.o
                0x00003182                can_cmd
 .text.can_get_status
                0x0000329a      0x11c source/can_lib.o
                0x0000329a                can_get_status
 .text.JumpToApp
                0x000033b6       0x18 source/SensorModuleBoot.o
 .text.sendReadyForFwUpdate
                0x000033ce       0x2a source/SensorModuleBoot.o
 .text.sendChecksums
                0x000033f8       0x6c source/SensorModuleBoot.o
 .text.sendInvalidProgMsg
                0x00003464       0x2a source/SensorModuleBoot.o
 .text.__vector_18
                0x0000348e      0x246 source/SensorModuleBoot.o
                0x0000348e                __vector_18
 .text.__vector_12
                0x000036d4       0x32 source/SensorModuleBoot.o
                0x000036d4                __vector_12
 .text.startup.main
                0x00003706      0x80c source/SensorModuleBoot.o
                0x00003706                main
 .text.avr-libc
                0x00003f12        0xe g:/programfiles/atmelstudio/7.0/toolchain/avr8/avr8-gnu-toolchain/bin/../lib/gcc/avr/5.4.0/../../../../avr/lib/avr5\libc.a(strcpy_P.o)
                0x00003f12                strcpy_P
 .text.avr-libc
                0x00003f20       0x10 G:/ProgramFiles/AtmelStudio/7.0/Packs/atmel/ATmega_DFP/1.7.374/gcc/dev/atmega16m1/avr5\libatmega16m1.a(eerd_byte.o)
                0x00003f20                eeprom_read_byte
 .text.avr-libc
                0x00003f30       0x1c G:/ProgramFiles/AtmelStudio/7.0/Packs/atmel/ATmega_DFP/1.7.374/gcc/dev/atmega16m1/avr5\libatmega16m1.a(eewr_byte.o)
                0x00003f30                eeprom_write_byte
                0x00003f32                eeprom_write_r18
                0x00003f4c                . = ALIGN (0x2)
 *(.fini9)
 .fini9         0x00003f4c        0x0 g:/programfiles/atmelstudio/7.0/toolchain/avr8/avr8-gnu-toolchain/bin/../lib/gcc/avr/5.4.0/avr5\libgcc.a(_exit.o)
                0x00003f4c                _exit
                0x00003f4c                exit
 *(.fini9)
 *(.fini8)
 *(.fini8)
 *(.fini7)
 *(.fini7)
 *(.fini6)
 *(.fini6)
 *(.fini5)
 *(.fini5)
 *(.fini4)
 *(.fini4)
 *(.fini3)
 *(.fini3)
 *(.fini2)
 *(.fini2)
 *(.fini1)
 *(.fini1)
 *(.fini0)
 .fini0         0x00003f4c        0x4 g:/programfiles/atmelstudio/7.0/toolchain/avr8/avr8-gnu-toolchain/bin/../lib/gcc/avr/5.4.0/avr5\libgcc.a(_exit.o)
 *(.fini0)
                0x00003f50                _etext = .

.data           0x00800100        0x0 load address 0x00003f50
                [!provide]                PROVIDE (__data_start, .)
 *(.data)
 *(.data*)
 *(.gnu.linkonce.d*)
 *(.rodata)
 *(.rodata*)
 *(.gnu.linkonce.r*)
                0x00800100                . = ALIGN (0x2)
                0x00800100                _edata = .
                [!provide]                PROVIDE (__data_end, .)

.bss            0x00800100      0x121
                0x00800100                PROVIDE (__bss_start, .)
 *(.bss)
 *(.bss*)
 .bss.serialNum
                0x00800100        0xa source/SensorModuleBoot.o
 .bss.outgoingMsg
                0x0080010a       0x50 source/SensorModuleBoot.o
 .bss.commTimer
                0x0080015a        0x2 source/SensorModuleBoot.o
 .bss.activeError
                0x0080015c        0x1 source/SensorModuleBoot.o
 .bss.receivedFwByteCount
                0x0080015d        0x1 source/SensorModuleBoot.o
 .bss.fwUpdateRequest
                0x0080015e        0x1 source/SensorModuleBoot.o
 .bss.pingRequest
                0x0080015f        0x1 source/SensorModuleBoot.o
 .bss.deviceInfoReadyFlag
                0x00800160        0x1 source/SensorModuleBoot.o
 .bss.fwUpdateCompleteFlag
                0x00800161        0x1 source/SensorModuleBoot.o
 .bss.readyToUpdateFlag
                0x00800162        0x1 source/SensorModuleBoot.o
 .bss.startBootMsgSent
                0x00800163        0x1 source/SensorModuleBoot.o
 .bss.appErrorMsgSent
                0x00800164        0x1 source/SensorModuleBoot.o
 .bss.scbyChksm3
                0x00800165        0x4 source/SensorModuleBoot.o
 .bss.scbyChksm2
                0x00800169        0x4 source/SensorModuleBoot.o
 .bss.receivedChecksum
                0x0080016d        0x4 source/SensorModuleBoot.o
 .bss.scflEeUpdateReq
                0x00800171        0x1 source/SensorModuleBoot.o
 .bss.scdwAddress
                0x00800172        0x4 source/SensorModuleBoot.o
 .bss.scwIndex  0x00800176        0x2 source/SensorModuleBoot.o
 .bss.scbyProgPgBuff
                0x00800178       0x80 source/SensorModuleBoot.o
 .bss.appProgrammingStarted
                0x008001f8        0x1 source/SensorModuleBoot.o
 .bss.programPacketCount
                0x008001f9        0x2 source/SensorModuleBoot.o
 .bss.shortProgramPacketReceived
                0x008001fb        0x1 source/SensorModuleBoot.o
 .bss.programPacketReceived
                0x008001fc        0x1 source/SensorModuleBoot.o
 .bss.scCANmsgTx
                0x008001fd        0xb source/SensorModuleBoot.o
 .bss.jumpToAppFlag
                0x00800208        0x1 source/SensorModuleBoot.o
 .bss.scbyTicksPending
                0x00800209        0x1 source/SensorModuleBoot.o
 .bss.scbyCurrentTick
                0x0080020a        0x1 source/SensorModuleBoot.o
 .bss.toggleCount
                0x0080020b        0x2 source/SensorModuleBoot.o
                0x0080020b                toggleCount
 *(COMMON)
 COMMON         0x0080020d       0x14 source/SensorModuleBoot.o
                0x0080020d                abyCANTxBuff
                0x00800215                gdwTickCount
                0x00800219                abyCANRxBuff
                0x00800221                PROVIDE (__bss_end, .)
                0x00003f50                __data_load_start = LOADADDR (.data)
                0x00003f50                __data_load_end = (__data_load_start + SIZEOF (.data))

.noinit         0x00800221        0x0
                [!provide]                PROVIDE (__noinit_start, .)
 *(.noinit*)
                [!provide]                PROVIDE (__noinit_end, .)
                0x00800221                _end = .
                [!provide]                PROVIDE (__heap_start, .)

.eeprom         0x00810000      0x200
 *(.eeprom*)
 .eeprom        0x00810000      0x200 source/ELF_Data.o
                0x00810000                eeprdata
                0x00810200                __eeprom_end = .

.fuse           0x00820000        0x3
 *(.fuse)
 .fuse          0x00820000        0x3 source/ELF_Data.o
                0x00820000                fusedata
 *(.lfuse)
 *(.hfuse)
 *(.efuse)

.lock           0x00830000        0x1
 *(.lock*)
 .lockbits      0x00830000        0x1 source/ELF_Data.o
                0x00830000                lockbits

.signature
 *(.signature*)

.user_signatures
 *(.user_signatures*)

.stab
 *(.stab)

.stabstr
 *(.stabstr)

.stab.excl
 *(.stab.excl)

.stab.exclstr
 *(.stab.exclstr)

.stab.index
 *(.stab.index)

.stab.indexstr
 *(.stab.indexstr)

.comment        0x00000000       0x30
 *(.comment)
 .comment       0x00000000       0x30 source/can_drv.o
                                 0x31 (size before relaxing)
 .comment       0x00000030       0x31 source/can_lib.o
 .comment       0x00000030       0x31 source/ELF_Data.o
 .comment       0x00000030       0x31 source/SensorModuleBoot.o

.note.gnu.avr.deviceinfo
                0x00000000       0x40
 .note.gnu.avr.deviceinfo
                0x00000000       0x40 G:/ProgramFiles/AtmelStudio/7.0/Packs/atmel/ATmega_DFP/1.7.374/gcc/dev/atmega16m1/avr5/crtatmega16m1.o

.note.gnu.build-id
 *(.note.gnu.build-id)

.debug
 *(.debug)

.line
 *(.line)

.debug_srcinfo
 *(.debug_srcinfo)

.debug_sfnames
 *(.debug_sfnames)

.debug_aranges  0x00000000      0x118
 *(.debug_aranges)
 .debug_aranges
                0x00000000       0x40 source/can_drv.o
 .debug_aranges
                0x00000040       0x30 source/can_lib.o
 .debug_aranges
                0x00000070       0x18 source/ELF_Data.o
 .debug_aranges
                0x00000088       0x50 source/SensorModuleBoot.o
 .debug_aranges
                0x000000d8       0x20 G:/ProgramFiles/AtmelStudio/7.0/Packs/atmel/ATmega_DFP/1.7.374/gcc/dev/atmega16m1/avr5\libatmega16m1.a(eerd_byte.o)
 .debug_aranges
                0x000000f8       0x20 G:/ProgramFiles/AtmelStudio/7.0/Packs/atmel/ATmega_DFP/1.7.374/gcc/dev/atmega16m1/avr5\libatmega16m1.a(eewr_byte.o)

.debug_pubnames
 *(.debug_pubnames)

.debug_info     0x00000000     0x1fac
 *(.debug_info .gnu.linkonce.wi.*)
 .debug_info    0x00000000      0xa40 G:/ProgramFiles/AtmelStudio/7.0/Packs/atmel/ATmega_DFP/1.7.374/gcc/dev/atmega16m1/avr5/crtatmega16m1.o
 .debug_info    0x00000a40      0x1cf source/can_drv.o
 .debug_info    0x00000c0f      0x395 source/can_lib.o
 .debug_info    0x00000fa4       0xdf source/ELF_Data.o
 .debug_info    0x00001083      0xdf5 source/SensorModuleBoot.o
 .debug_info    0x00001e78       0x9a G:/ProgramFiles/AtmelStudio/7.0/Packs/atmel/ATmega_DFP/1.7.374/gcc/dev/atmega16m1/avr5\libatmega16m1.a(eerd_byte.o)
 .debug_info    0x00001f12       0x9a G:/ProgramFiles/AtmelStudio/7.0/Packs/atmel/ATmega_DFP/1.7.374/gcc/dev/atmega16m1/avr5\libatmega16m1.a(eewr_byte.o)

.debug_abbrev   0x00000000      0xf87
 *(.debug_abbrev)
 .debug_abbrev  0x00000000      0x9b2 G:/ProgramFiles/AtmelStudio/7.0/Packs/atmel/ATmega_DFP/1.7.374/gcc/dev/atmega16m1/avr5/crtatmega16m1.o
 .debug_abbrev  0x000009b2       0xeb source/can_drv.o
 .debug_abbrev  0x00000a9d      0x1af source/can_lib.o
 .debug_abbrev  0x00000c4c       0x59 source/ELF_Data.o
 .debug_abbrev  0x00000ca5      0x2ba source/SensorModuleBoot.o
 .debug_abbrev  0x00000f5f       0x14 G:/ProgramFiles/AtmelStudio/7.0/Packs/atmel/ATmega_DFP/1.7.374/gcc/dev/atmega16m1/avr5\libatmega16m1.a(eerd_byte.o)
 .debug_abbrev  0x00000f73       0x14 G:/ProgramFiles/AtmelStudio/7.0/Packs/atmel/ATmega_DFP/1.7.374/gcc/dev/atmega16m1/avr5\libatmega16m1.a(eewr_byte.o)

.debug_line     0x00000000     0x10e2
 *(.debug_line .debug_line.* .debug_line_end)
 .debug_line    0x00000000      0x151 G:/ProgramFiles/AtmelStudio/7.0/Packs/atmel/ATmega_DFP/1.7.374/gcc/dev/atmega16m1/avr5/crtatmega16m1.o
 .debug_line    0x00000151      0x1c5 source/can_drv.o
 .debug_line    0x00000316      0x24b source/can_lib.o
 .debug_line    0x00000561       0x32 source/ELF_Data.o
 .debug_line    0x00000593      0xa37 source/SensorModuleBoot.o
 .debug_line    0x00000fca       0x7a G:/ProgramFiles/AtmelStudio/7.0/Packs/atmel/ATmega_DFP/1.7.374/gcc/dev/atmega16m1/avr5\libatmega16m1.a(eerd_byte.o)
 .debug_line    0x00001044       0x9e G:/ProgramFiles/AtmelStudio/7.0/Packs/atmel/ATmega_DFP/1.7.374/gcc/dev/atmega16m1/avr5\libatmega16m1.a(eewr_byte.o)

.debug_frame    0x00000000      0x1c8
 *(.debug_frame)
 .debug_frame   0x00000000       0x64 source/can_drv.o
 .debug_frame   0x00000064       0x60 source/can_lib.o
 .debug_frame   0x000000c4      0x104 source/SensorModuleBoot.o

.debug_str      0x00000000      0xf40
 *(.debug_str)
 .debug_str     0x00000000      0x3d0 G:/ProgramFiles/AtmelStudio/7.0/Packs/atmel/ATmega_DFP/1.7.374/gcc/dev/atmega16m1/avr5/crtatmega16m1.o
 .debug_str     0x000003d0      0x23c source/can_drv.o
                                0x280 (size before relaxing)
 .debug_str     0x0000060c      0x139 source/can_lib.o
                                0x366 (size before relaxing)
 .debug_str     0x00000745       0x30 source/ELF_Data.o
                                0x1ca (size before relaxing)
 .debug_str     0x00000775      0x7cb source/SensorModuleBoot.o
                                0xa9d (size before relaxing)

.debug_loc      0x00000000      0x855
 *(.debug_loc)
 .debug_loc     0x00000000      0x101 source/can_drv.o
 .debug_loc     0x00000101      0x1ac source/can_lib.o
 .debug_loc     0x000002ad      0x5a8 source/SensorModuleBoot.o

.debug_macinfo
 *(.debug_macinfo)

.debug_weaknames
 *(.debug_weaknames)

.debug_funcnames
 *(.debug_funcnames)

.debug_typenames
 *(.debug_typenames)

.debug_varnames
 *(.debug_varnames)

.debug_pubtypes
 *(.debug_pubtypes)

.debug_ranges   0x00000000       0xd8
 *(.debug_ranges)
 .debug_ranges  0x00000000       0x30 source/can_drv.o
 .debug_ranges  0x00000030       0x38 source/can_lib.o
 .debug_ranges  0x00000068       0x70 source/SensorModuleBoot.o

.debug_macro
 *(.debug_macro)
OUTPUT(SensorModuleBoot.elf elf32-avr)
LOAD linker stubs
